Archive member included to satisfy reference by file (symbol)

../libDaisy/build\libdaisy.a(stm32h7xx_hal_adc.o)
                              build/main.o (HAL_ADC_GetValue)
../libDaisy/build\libdaisy.a(stm32h7xx_hal_adc_ex.o)
                              build/main.o (HAL_ADCEx_Calibration_Start)
../libDaisy/build\libdaisy.a(stm32h7xx_hal_cortex.o)
                              build/main.o (HAL_NVIC_SetPriority)
../libDaisy/build\libdaisy.a(stm32h7xx_hal_dma.o)
                              ../libDaisy/build\libdaisy.a(stm32h7xx_hal_adc.o) (HAL_DMA_Start_IT)
../libDaisy/build\libdaisy.a(stm32h7xx_hal_rcc.o)
                              ../libDaisy/build\libdaisy.a(stm32h7xx_hal_adc.o) (HAL_RCC_GetHCLKFreq)
../libDaisy/build\libdaisy.a(stm32h7xx_hal_rcc_ex.o)
                              ../libDaisy/build\libdaisy.a(stm32h7xx_hal_adc.o) (HAL_RCCEx_GetPeriphCLKFreq)
../libDaisy/build\libdaisy.a(daisy_seed.o)
                              build/main.o (daisy::DaisySeed::DelayMs(unsigned int))
../libDaisy/build\libdaisy.a(codec_ak4556.o)
                              ../libDaisy/build\libdaisy.a(daisy_seed.o) (daisy::Ak4556::Init(daisy::Pin))
../libDaisy/build\libdaisy.a(codec_wm8731.o)
                              ../libDaisy/build\libdaisy.a(daisy_seed.o) (daisy::Wm8731::Init(daisy::Wm8731::Config const&, daisy::I2CHandle))
../libDaisy/build\libdaisy.a(sdram.o)
                              ../libDaisy/build\libdaisy.a(daisy_seed.o) (SdramHandle::Init())
../libDaisy/build\libdaisy.a(audio.o)
                              ../libDaisy/build\libdaisy.a(daisy_seed.o) (daisy::AudioHandle::Init(daisy::AudioHandle::Config const&, daisy::SaiHandle))
../libDaisy/build\libdaisy.a(logger.o)
                              build/main.o (daisy::Logger<(daisy::LoggerDestination)1>::PrintLine(char const*, ...))
../libDaisy/build\libdaisy.a(usb.o)
                              ../libDaisy/build\libdaisy.a(logger.o) (daisy::UsbHandle::Init(daisy::UsbHandle::UsbPeriph))
../libDaisy/build\libdaisy.a(gpio.o)
                              ../libDaisy/build\libdaisy.a(daisy_seed.o) (daisy::GPIO::Init(daisy::GPIO::Config const&))
../libDaisy/build\libdaisy.a(i2c.o)
                              ../libDaisy/build\libdaisy.a(daisy_seed.o) (daisy::I2CHandle::Init(daisy::I2CHandle::Config const&))
../libDaisy/build\libdaisy.a(qspi.o)
                              ../libDaisy/build\libdaisy.a(daisy_seed.o) (daisy::QSPIHandle::Init(daisy::QSPIHandle::Config const&))
../libDaisy/build\libdaisy.a(sai.o)
                              ../libDaisy/build\libdaisy.a(daisy_seed.o) (daisy::SaiHandle::Init(daisy::SaiHandle::Config const&))
../libDaisy/build\libdaisy.a(system.o)
                              ../libDaisy/build\libdaisy.a(daisy_seed.o) (daisy::System::DeInit())
../libDaisy/build\libdaisy.a(system_stm32h7xx.o)
                              build/startup_stm32h750xx.o (SystemInit)
../libDaisy/build\libdaisy.a(usbd_cdc_if.o)
                              ../libDaisy/build\libdaisy.a(usb.o) (CDC_Transmit_FS)
../libDaisy/build\libdaisy.a(usbd_conf.o)
                              ../libDaisy/build\libdaisy.a(usb.o) (hpcd_USB_OTG_FS)
../libDaisy/build\libdaisy.a(usbd_desc.o)
                              ../libDaisy/build\libdaisy.a(usb.o) (HS_Desc)
../libDaisy/build\libdaisy.a(usbh_conf.o)
                              ../libDaisy/build\libdaisy.a(system.o) (hhcd_USB_OTG_HS)
../libDaisy/build\libdaisy.a(stm32h7xx_hal.o)
                              ../libDaisy/build\libdaisy.a(stm32h7xx_hal_rcc.o) (HAL_InitTick)
../libDaisy/build\libdaisy.a(stm32h7xx_hal_gpio.o)
                              ../libDaisy/build\libdaisy.a(stm32h7xx_hal_rcc.o) (HAL_GPIO_Init)
../libDaisy/build\libdaisy.a(stm32h7xx_hal_hcd.o)
                              ../libDaisy/build\libdaisy.a(usbh_conf.o) (HAL_HCD_HC_Init)
../libDaisy/build\libdaisy.a(stm32h7xx_hal_i2c.o)
                              ../libDaisy/build\libdaisy.a(i2c.o) (HAL_I2C_Init)
../libDaisy/build\libdaisy.a(stm32h7xx_hal_i2c_ex.o)
                              ../libDaisy/build\libdaisy.a(i2c.o) (HAL_I2CEx_ConfigAnalogFilter)
../libDaisy/build\libdaisy.a(stm32h7xx_hal_pcd.o)
                              ../libDaisy/build\libdaisy.a(usbd_conf.o) (HAL_PCD_Init)
../libDaisy/build\libdaisy.a(stm32h7xx_hal_pcd_ex.o)
                              ../libDaisy/build\libdaisy.a(usbd_conf.o) (HAL_PCDEx_SetTxFiFo)
../libDaisy/build\libdaisy.a(stm32h7xx_hal_pwr_ex.o)
                              ../libDaisy/build\libdaisy.a(system.o) (HAL_PWREx_ConfigSupply)
../libDaisy/build\libdaisy.a(stm32h7xx_hal_qspi.o)
                              ../libDaisy/build\libdaisy.a(qspi.o) (HAL_QSPI_Init)
../libDaisy/build\libdaisy.a(stm32h7xx_hal_sai.o)
                              ../libDaisy/build\libdaisy.a(sai.o) (HAL_SAI_InitProtocol)
../libDaisy/build\libdaisy.a(stm32h7xx_hal_sdram.o)
                              ../libDaisy/build\libdaisy.a(sdram.o) (HAL_SDRAM_Init)
[...]
Memory Configuration

Name             Origin             Length             Attributes
FLASH            0x08000000         0x00020000         xr
DTCMRAM          0x20000000         0x00020000         xrw
SRAM             0x24000000         0x00080000         xrw
RAM_D2           0x30000000         0x00048000         xrw
RAM_D3           0x38000000         0x00010000         xrw
BACKUP_SRAM      0x38800000         0x00001000         xrw
ITCMRAM          0x00000000         0x00010000         xrw
SDRAM            0xc0000000         0x04000000         xrw
QSPIFLASH        0x90000000         0x00800000         xr
*default*        0x00000000         0xffffffff

Linker script and memory map

LOAD C:/ST/STM32CubeCLT_1.16.0/GNU-tools-for-STM32/bin/../lib/gcc/arm-none-eabi/12.3.1/thumb/v7e-m+dp/hard/crti.o
LOAD C:/ST/STM32CubeCLT_1.16.0/GNU-tools-for-STM32/bin/../lib/gcc/arm-none-eabi/12.3.1/thumb/v7e-m+dp/hard/crtbegin.o
LOAD C:/ST/STM32CubeCLT_1.16.0/GNU-tools-for-STM32/bin/../lib/gcc/arm-none-eabi/12.3.1/../../../../arm-none-eabi/lib/thumb/v7e-m+dp/hard/crt0.o
LOAD build/startup_stm32h750xx.o
LOAD build/main.o
LOAD ../libDaisy/build\libdaisy.a
LOAD C:/ST/STM32CubeCLT_1.16.0/GNU-tools-for-STM32/bin/../lib/gcc/arm-none-eabi/12.3.1/../../../../arm-none-eabi/lib/thumb/v7e-m+dp/hard\libnosys.a
LOAD ../DaisySP/build\libdaisysp.a
LOAD C:/ST/STM32CubeCLT_1.16.0/GNU-tools-for-STM32/bin/../lib/gcc/arm-none-eabi/12.3.1/../../../../arm-none-eabi/lib/thumb/v7e-m+dp/hard\libstdc++_nano.a
LOAD C:/ST/STM32CubeCLT_1.16.0/GNU-tools-for-STM32/bin/../lib/gcc/arm-none-eabi/12.3.1/../../../../arm-none-eabi/lib/thumb/v7e-m+dp/hard\libm.a
LOAD C:/ST/STM32CubeCLT_1.16.0/GNU-tools-for-STM32/bin/../lib/gcc/arm-none-eabi/12.3.1/../../../../arm-none-eabi/lib/thumb/v7e-m+dp/hard\libc_nano.a
START GROUP
LOAD C:/ST/STM32CubeCLT_1.16.0/GNU-tools-for-STM32/bin/../lib/gcc/arm-none-eabi/12.3.1/thumb/v7e-m+dp/hard\libgcc.a
LOAD C:/ST/STM32CubeCLT_1.16.0/GNU-tools-for-STM32/bin/../lib/gcc/arm-none-eabi/12.3.1/../../../../arm-none-eabi/lib/thumb/v7e-m+dp/hard\libc_nano.a
END GROUP
START GROUP
LOAD C:/ST/STM32CubeCLT_1.16.0/GNU-tools-for-STM32/bin/../lib/gcc/arm-none-eabi/12.3.1/thumb/v7e-m+dp/hard\libgcc.a
LOAD C:/ST/STM32CubeCLT_1.16.0/GNU-tools-for-STM32/bin/../lib/gcc/arm-none-eabi/12.3.1/../../../../arm-none-eabi/lib/thumb/v7e-m+dp/hard\libc_nano.a
LOAD C:/ST/STM32CubeCLT_1.16.0/GNU-tools-for-STM32/bin/../lib/gcc/arm-none-eabi/12.3.1/../../../../arm-none-eabi/lib/thumb/v7e-m+dp/hard\libnosys.a
END GROUP
START GROUP
LOAD C:/ST/STM32CubeCLT_1.16.0/GNU-tools-for-STM32/bin/../lib/gcc/arm-none-eabi/12.3.1/thumb/v7e-m+dp/hard\libgcc.a
LOAD C:/ST/STM32CubeCLT_1.16.0/GNU-tools-for-STM32/bin/../lib/gcc/arm-none-eabi/12.3.1/../../../../arm-none-eabi/lib/thumb/v7e-m+dp/hard\libc_nano.a
LOAD C:/ST/STM32CubeCLT_1.16.0/GNU-tools-for-STM32/bin/../lib/gcc/arm-none-eabi/12.3.1/../../../../arm-none-eabi/lib/thumb/v7e-m+dp/hard\libnosys.a
END GROUP
LOAD C:/ST/STM32CubeCLT_1.16.0/GNU-tools-for-STM32/bin/../lib/gcc/arm-none-eabi/12.3.1/thumb/v7e-m+dp/hard/crtend.o
LOAD C:/ST/STM32CubeCLT_1.16.0/GNU-tools-for-STM32/bin/../lib/gcc/arm-none-eabi/12.3.1/thumb/v7e-m+dp/hard/crtn.o
                0x20020000                        _estack = 0x20020000

.isr_vector     0x08000000      0x298
                0x08000000                        . = ALIGN (0x4)
 *(.isr_vector)
 .isr_vector    0x08000000      0x298 build/startup_stm32h750xx.o
                0x08000000                g_pfnVectors
                0x08000298                        . = ALIGN (0x4)

.text           0x080002a0    0x14f38
                0x080002a0                        . = ALIGN (0x4)
                0x080002a0                        _stext = .
 *(.text)
 .text          0x080002a0       0x40 C:/ST/STM32CubeCLT_1.16.0/GNU-tools-for-STM32/bin/../lib/gcc/arm-none-eabi/12.3.1/thumb/v7e-m+dp/hard/crtbegin.o
 .text          0x080002e0       0xa0 C:/ST/STM32CubeCLT_1.16.0/GNU-tools-for-STM32/bin/../lib/gcc/arm-none-eabi/12.3.1/../../../../arm-none-eabi/lib/thumb/v7e-m+dp/hard\libc_nano.a(libc_a-memchr.o)
                0x080002e0                memchr
 .text          0x08000380       0x10 C:/ST/STM32CubeCLT_1.16.0/GNU-tools-for-STM32/bin/../lib/gcc/arm-none-eabi/12.3.1/../../../../arm-none-eabi/lib/thumb/v7e-m+dp/hard\libc_nano.a(libc_a-strlen.o)
                0x08000380                strlen
 .text          0x08000390       0x30 C:/ST/STM32CubeCLT_1.16.0/GNU-tools-for-STM32/bin/../lib/gcc/arm-none-eabi/12.3.1/thumb/v7e-m+dp/hard\libgcc.a(_aeabi_uldivmod.o)
                0x08000390                __aeabi_uldivmod
 .text          0x080003c0      0x2bc C:/ST/STM32CubeCLT_1.16.0/GNU-tools-for-STM32/bin/../lib/gcc/arm-none-eabi/12.3.1/thumb/v7e-m+dp/hard\libgcc.a(_udivmoddi4.o)
                0x080003c0                __udivmoddi4
 .text          0x0800067c        0x4 C:/ST/STM32CubeCLT_1.16.0/GNU-tools-for-STM32/bin/../lib/gcc/arm-none-eabi/12.3.1/thumb/v7e-m+dp/hard\libgcc.a(_dvmd_tls.o)
                0x0800067c                __aeabi_idiv0
                0x0800067c                __aeabi_ldiv0
 *(.text*)
 .text.Default_Handler
                0x08000680        0xa build/startup_stm32h750xx.o
                0x08000680                RTC_Alarm_IRQHandler
                0x08000680                HASH_RNG_IRQHandler
                0x08000680                EXTI2_IRQHandler
                0x08000680                TIM8_CC_IRQHandler
                0x08000680                HRTIM1_Master_IRQHandler
                0x08000680                DebugMon_Handler
                0x08000680                TIM1_CC_IRQHandler
                0x08000680                BDMA_Channel6_IRQHandler
                0x08000680                DMA2_Stream5_IRQHandler
                0x08000680                HRTIM1_FLT_IRQHandler
                0x08000680                JPEG_IRQHandler
                0x08000680                BDMA_Channel1_IRQHandler
                0x08000680                HRTIM1_TIMD_IRQHandler
                0x08000680                TAMP_STAMP_IRQHandler
                0x08000680                PendSV_Handler
                0x08000680                NMI_Handler
                0x08000680                EXTI3_IRQHandler
                0x08000680                LPTIM4_IRQHandler
                0x08000680                TIM8_TRG_COM_TIM14_IRQHandler
                0x08000680                LPTIM2_IRQHandler
                0x08000680                DFSDM1_FLT1_IRQHandler
                0x08000680                DMAMUX2_OVR_IRQHandler
                0x08000680                TIM8_UP_TIM13_IRQHandler
                0x08000680                I2C3_ER_IRQHandler
                0x08000680                DFSDM1_FLT2_IRQHandler
                0x08000680                MDMA_IRQHandler
                0x08000680                LPTIM3_IRQHandler
                0x08000680                HSEM1_IRQHandler
                0x08000680                EXTI0_IRQHandler
                0x08000680                DMA1_Stream2_IRQHandler
                0x08000680                FPU_IRQHandler
                0x08000680                OTG_HS_WKUP_IRQHandler
                0x08000680                FDCAN1_IT1_IRQHandler
                0x08000680                UsageFault_Handler
                0x08000680                LTDC_ER_IRQHandler
                0x08000680                HRTIM1_TIME_IRQHandler
                0x08000680                TIM6_DAC_IRQHandler
                0x08000680                DCMI_IRQHandler
                0x08000680                HRTIM1_TIMC_IRQHandler
                0x08000680                SAI2_IRQHandler
                0x08000680                DFSDM1_FLT3_IRQHandler
                0x08000680                TIM17_IRQHandler
                0x08000680                CRYP_IRQHandler
                0x08000680                BDMA_Channel7_IRQHandler
                0x08000680                LPTIM5_IRQHandler
                0x08000680                ADC3_IRQHandler
                0x08000680                BDMA_Channel2_IRQHandler
                0x08000680                DMAMUX1_OVR_IRQHandler
                0x08000680                TIM16_IRQHandler
                0x08000680                BDMA_Channel5_IRQHandler
                0x08000680                RCC_IRQHandler
                0x08000680                TIM8_BRK_TIM12_IRQHandler
                0x08000680                TIM1_TRG_COM_IRQHandler
                0x08000680                Default_Handler
                0x08000680                ECC_IRQHandler
                0x08000680                CEC_IRQHandler
                0x08000680                EXTI15_10_IRQHandler
                0x08000680                BDMA_Channel0_IRQHandler
                0x08000680                ADC_IRQHandler
                0x08000680                DMA1_Stream7_IRQHandler
                0x08000680                HRTIM1_TIMA_IRQHandler
                0x08000680                TIM7_IRQHandler
                0x08000680                SDMMC1_IRQHandler
                0x08000680                DMA2_Stream7_IRQHandler
                0x08000680                TIM15_IRQHandler
                0x08000680                PVD_AVD_IRQHandler
                0x08000680                EXTI9_5_IRQHandler
                0x08000680                RTC_WKUP_IRQHandler
                0x08000680                LTDC_IRQHandler
                0x08000680                SAI3_IRQHandler
                0x08000680                ETH_WKUP_IRQHandler
                0x08000680                SPDIF_RX_IRQHandler
                0x08000680                MemManage_Handler
                0x08000680                SVC_Handler
                0x08000680                CRS_IRQHandler
                0x08000680                EXTI4_IRQHandler
                0x08000680                HRTIM1_TIMB_IRQHandler
                0x08000680                FDCAN2_IT1_IRQHandler
                0x08000680                ETH_IRQHandler
                0x08000680                TIM1_UP_IRQHandler
                0x08000680                BDMA_Channel4_IRQHandler
                0x08000680                WWDG_IRQHandler
                0x08000680                SPI6_IRQHandler
                0x08000680                I2C4_EV_IRQHandler
                0x08000680                MDIOS_IRQHandler
                0x08000680                FDCAN2_IT0_IRQHandler
                0x08000680                FDCAN1_IT0_IRQHandler
                0x08000680                OTG_FS_WKUP_IRQHandler
                0x08000680                DMA2D_IRQHandler
                0x08000680                TIM1_BRK_IRQHandler
                0x08000680                EXTI1_IRQHandler
                0x08000680                SDMMC2_IRQHandler
                0x08000680                BDMA_Channel3_IRQHandler
                0x08000680                MDIOS_WKUP_IRQHandler
                0x08000680                DFSDM1_FLT0_IRQHandler
                0x08000680                SAI4_IRQHandler
                0x08000680                I2C2_ER_IRQHandler
                0x08000680                DMA2_Stream1_IRQHandler
                0x08000680                FLASH_IRQHandler
                0x08000680                BusFault_Handler
                0x08000680                WAKEUP_PIN_IRQHandler
                0x08000680                I2C1_ER_IRQHandler
                0x08000680                FMC_IRQHandler
                0x08000680                FDCAN_CAL_IRQHandler
                0x08000680                SWPMI1_IRQHandler
                0x08000680                COMP1_IRQHandler
                0x08000680                LPTIM1_IRQHandler
                0x08000680                I2C4_ER_IRQHandler
                0x08000680                DMA2_Stream6_IRQHandler
                0x08000680                SAI1_IRQHandler
 *fill*         0x0800068a        0x2 
 .text.Reset_Handler
                0x0800068c       0x48 build/startup_stm32h750xx.o
                0x0800068c                Reset_Handler
 .text._ZN5daisy9DaisySeedD2Ev
                0x080006d4        0x2 build/main.o
                0x080006d4                daisy::DaisySeed::~DaisySeed()
                0x080006d4                daisy::DaisySeed::~DaisySeed()
 *fill*         0x080006d6        0x2 
 .text.main     0x080006d8      0x14c build/main.o
                0x080006d8                main
 .text.HAL_ADC_MspInit
                0x08000824       0x38 build/main.o
                0x08000824                HAL_ADC_MspInit
 .text.DMA2_Stream0_IRQHandler
                0x0800085c       0x10 build/main.o
                0x0800085c                DMA2_Stream0_IRQHandler
 .text._GLOBAL__sub_I_hw
                0x0800086c       0x6c build/main.o
 .text.HAL_ADC_GetValue
                0x080008d8        0x8 ../libDaisy/build\libdaisy.a(stm32h7xx_hal_adc.o)
                0x080008d8                HAL_ADC_GetValue
 .text.HAL_ADC_ConfigChannel
                0x080008e0      0x40c ../libDaisy/build\libdaisy.a(stm32h7xx_hal_adc.o)
                0x080008e0                HAL_ADC_ConfigChannel
 .text.ADC_Enable
                0x08000cec       0xb0 ../libDaisy/build\libdaisy.a(stm32h7xx_hal_adc.o)
                0x08000cec                ADC_Enable
 .text.HAL_ADC_Start
                0x08000d9c       0xfc ../libDaisy/build\libdaisy.a(stm32h7xx_hal_adc.o)
                0x08000d9c                HAL_ADC_Start
 .text.ADC_Disable
                0x08000e98       0x74 ../libDaisy/build\libdaisy.a(stm32h7xx_hal_adc.o)
                0x08000e98                ADC_Disable
 .text.ADC_ConfigureBoostMode
                0x08000f0c      0x178 ../libDaisy/build\libdaisy.a(stm32h7xx_hal_adc.o)
                0x08000f0c                ADC_ConfigureBoostMode
 .text.HAL_ADC_Init
                0x08001084      0x218 ../libDaisy/build\libdaisy.a(stm32h7xx_hal_adc.o)
                0x08001084                HAL_ADC_Init
 .text.HAL_ADCEx_Calibration_Start
                0x0800129c       0xa4 ../libDaisy/build\libdaisy.a(stm32h7xx_hal_adc_ex.o)
                0x0800129c                HAL_ADCEx_Calibration_Start
 .text.HAL_NVIC_SetPriorityGrouping
                0x08001340       0x24 ../libDaisy/build\libdaisy.a(stm32h7xx_hal_cortex.o)
                0x08001340                HAL_NVIC_SetPriorityGrouping
 .text.HAL_NVIC_SetPriority
                0x08001364       0x78 ../libDaisy/build\libdaisy.a(stm32h7xx_hal_cortex.o)
                0x08001364                HAL_NVIC_SetPriority
 .text.HAL_NVIC_EnableIRQ
                0x080013dc       0x1c ../libDaisy/build\libdaisy.a(stm32h7xx_hal_cortex.o)
                0x080013dc                HAL_NVIC_EnableIRQ
 .text.HAL_NVIC_DisableIRQ
                0x080013f8       0x24 ../libDaisy/build\libdaisy.a(stm32h7xx_hal_cortex.o)
                0x080013f8                HAL_NVIC_DisableIRQ
 .text.HAL_SYSTICK_Config
                0x0800141c       0x2c ../libDaisy/build\libdaisy.a(stm32h7xx_hal_cortex.o)
                0x0800141c                HAL_SYSTICK_Config
 .text.HAL_MPU_Disable
                0x08001448       0x1c ../libDaisy/build\libdaisy.a(stm32h7xx_hal_cortex.o)
                0x08001448                HAL_MPU_Disable
 .text.HAL_MPU_Enable
                0x08001464       0x20 ../libDaisy/build\libdaisy.a(stm32h7xx_hal_cortex.o)
                0x08001464                HAL_MPU_Enable
 .text.HAL_MPU_ConfigRegion
                0x08001484       0x64 ../libDaisy/build\libdaisy.a(stm32h7xx_hal_cortex.o)
                0x08001484                HAL_MPU_ConfigRegion
 .text.HAL_SYSTICK_Callback
                0x080014e8        0x4 ../libDaisy/build\libdaisy.a(stm32h7xx_hal_cortex.o)
                0x080014e8                HAL_SYSTICK_Callback
 .text.HAL_SYSTICK_IRQHandler
                0x080014ec        0x8 ../libDaisy/build\libdaisy.a(stm32h7xx_hal_cortex.o)
                0x080014ec                HAL_SYSTICK_IRQHandler
 .text.DMA_CalcBaseAndBitshift
                0x080014f4      0x100 ../libDaisy/build\libdaisy.a(stm32h7xx_hal_dma.o)
 .text.DMA_CalcDMAMUXChannelBaseAndMask
                0x080015f4       0xd0 ../libDaisy/build\libdaisy.a(stm32h7xx_hal_dma.o)
 .text.HAL_DMA_Init
                0x080016c4      0x50c ../libDaisy/build\libdaisy.a(stm32h7xx_hal_dma.o)
                0x080016c4                HAL_DMA_Init
 .text.HAL_DMA_Start_IT
                0x08001bd0      0x814 ../libDaisy/build\libdaisy.a(stm32h7xx_hal_dma.o)
                0x08001bd0                HAL_DMA_Start_IT
 .text.HAL_DMA_Abort
                0x080023e4      0x364 ../libDaisy/build\libdaisy.a(stm32h7xx_hal_dma.o)
                0x080023e4                HAL_DMA_Abort
 .text.HAL_DMA_Abort_IT
                0x08002748      0x150 ../libDaisy/build\libdaisy.a(stm32h7xx_hal_dma.o)
                0x08002748                HAL_DMA_Abort_IT
 .text.HAL_DMA_IRQHandler
                0x08002898      0x6a8 ../libDaisy/build\libdaisy.a(stm32h7xx_hal_dma.o)
                0x08002898                HAL_DMA_IRQHandler
 .text.HAL_DMA_GetError
                0x08002f40        0x4 ../libDaisy/build\libdaisy.a(stm32h7xx_hal_dma.o)
                0x08002f40                HAL_DMA_GetError
 .text.HAL_RCC_GetSysClockFreq.part.0
                0x08002f44       0xe4 ../libDaisy/build\libdaisy.a(stm32h7xx_hal_rcc.o)
 .text.HAL_RCC_OscConfig
                0x08003028      0x5f0 ../libDaisy/build\libdaisy.a(stm32h7xx_hal_rcc.o)
                0x08003028                HAL_RCC_OscConfig
 .text.HAL_RCC_GetSysClockFreq
                0x08003618      0x11c ../libDaisy/build\libdaisy.a(stm32h7xx_hal_rcc.o)
                0x08003618                HAL_RCC_GetSysClockFreq
 .text.HAL_RCC_ClockConfig
                0x08003734      0x254 ../libDaisy/build\libdaisy.a(stm32h7xx_hal_rcc.o)
                0x08003734                HAL_RCC_ClockConfig
 .text.HAL_RCC_GetHCLKFreq
                0x08003988       0x80 ../libDaisy/build\libdaisy.a(stm32h7xx_hal_rcc.o)
                0x08003988                HAL_RCC_GetHCLKFreq
 .text.HAL_RCC_GetPCLK1Freq
                0x08003a08       0x90 ../libDaisy/build\libdaisy.a(stm32h7xx_hal_rcc.o)
                0x08003a08                HAL_RCC_GetPCLK1Freq
 .text.HAL_RCC_GetPCLK2Freq
                0x08003a98       0x90 ../libDaisy/build\libdaisy.a(stm32h7xx_hal_rcc.o)
                0x08003a98                HAL_RCC_GetPCLK2Freq
 .text.RCCEx_PLL2_Config.part.0
                0x08003b28       0xe4 ../libDaisy/build\libdaisy.a(stm32h7xx_hal_rcc_ex.o)
 .text.RCCEx_PLL3_Config.part.0
                0x08003c0c       0xe4 ../libDaisy/build\libdaisy.a(stm32h7xx_hal_rcc_ex.o)
 .text.HAL_RCCEx_PeriphCLKConfig
                0x08003cf0      0xeb4 ../libDaisy/build\libdaisy.a(stm32h7xx_hal_rcc_ex.o)
                0x08003cf0                HAL_RCCEx_PeriphCLKConfig
 .text.HAL_RCCEx_GetD3PCLK1Freq
                0x08004ba4       0x24 ../libDaisy/build\libdaisy.a(stm32h7xx_hal_rcc_ex.o)
                0x08004ba4                HAL_RCCEx_GetD3PCLK1Freq
 .text.HAL_RCCEx_GetPLL2ClockFreq
                0x08004bc8      0x134 ../libDaisy/build\libdaisy.a(stm32h7xx_hal_rcc_ex.o)
                0x08004bc8                HAL_RCCEx_GetPLL2ClockFreq
 .text.HAL_RCCEx_GetPLL3ClockFreq
                0x08004cfc      0x134 ../libDaisy/build\libdaisy.a(stm32h7xx_hal_rcc_ex.o)
                0x08004cfc                HAL_RCCEx_GetPLL3ClockFreq
 .text.HAL_RCCEx_GetPLL1ClockFreq
                0x08004e30      0x134 ../libDaisy/build\libdaisy.a(stm32h7xx_hal_rcc_ex.o)
                0x08004e30                HAL_RCCEx_GetPLL1ClockFreq
 .text.HAL_RCCEx_GetPeriphCLKFreq
                0x08004f64      0x390 ../libDaisy/build\libdaisy.a(stm32h7xx_hal_rcc_ex.o)
                0x08004f64                HAL_RCCEx_GetPeriphCLKFreq
 .text._ZN5daisy9DaisySeed7DelayMsEj
                0x080052f4        0x8 ../libDaisy/build\libdaisy.a(daisy_seed.o)
                0x080052f4                daisy::DaisySeed::DelayMs(unsigned int)
 .text._ZN5daisy9DaisySeed6SetLedEb
                0x080052fc        0x8 ../libDaisy/build\libdaisy.a(daisy_seed.o)
                0x080052fc                daisy::DaisySeed::SetLed(bool)
 .text._ZN5daisy9DaisySeed17CheckBoardVersionEv
                0x08005304       0x6c ../libDaisy/build\libdaisy.a(daisy_seed.o)
                0x08005304                daisy::DaisySeed::CheckBoardVersion()
 .text._ZN5daisy9DaisySeed14ConfigureAudioEv
                0x08005370      0x10c ../libDaisy/build\libdaisy.a(daisy_seed.o)
                0x08005370                daisy::DaisySeed::ConfigureAudio()
 .text._ZN5daisy9DaisySeed4InitEb
                0x0800547c       0xe4 ../libDaisy/build\libdaisy.a(daisy_seed.o)
                0x0800547c                daisy::DaisySeed::Init(bool)
 .text._ZN5daisy6Ak45564InitENS_3PinE
                0x08005560       0x44 ../libDaisy/build\libdaisy.a(codec_ak4556.o)
                0x08005560                daisy::Ak4556::Init(daisy::Pin)
 .text._ZN5daisy6Wm873120WriteControlRegisterEht
                0x080055a4       0x3c ../libDaisy/build\libdaisy.a(codec_wm8731.o)
                0x080055a4                daisy::Wm8731::WriteControlRegister(unsigned char, unsigned short)
 .text._ZN5daisy6Wm87314InitERKNS0_6ConfigENS_9I2CHandleE
                0x080055e0      0x1b8 ../libDaisy/build\libdaisy.a(codec_wm8731.o)
                0x080055e0                daisy::Wm8731::Init(daisy::Wm8731::Config const&, daisy::I2CHandle)
 .text._ZN11SdramHandle10DeviceInitEv
                0x08005798       0x8c ../libDaisy/build\libdaisy.a(sdram.o)
                0x08005798                SdramHandle::DeviceInit()
 *fill*         0x08005824        0x4 
 .text._ZN11SdramHandle4InitEv
                0x08005828       0x88 ../libDaisy/build\libdaisy.a(sdram.o)
                0x08005828                SdramHandle::Init()
 .text.HAL_SDRAM_MspInit
                0x080058b0      0x19c ../libDaisy/build\libdaisy.a(sdram.o)
                0x080058b0                HAL_SDRAM_MspInit
 .text._ZN5daisy11AudioHandle4InitERKNS0_6ConfigENS_9SaiHandleE
                0x08005a4c       0x70 ../libDaisy/build\libdaisy.a(audio.o)
                0x08005a4c                daisy::AudioHandle::Init(daisy::AudioHandle::Config const&, daisy::SaiHandle)
 .text._ZNK5daisy11AudioHandle9GetConfigEv
                0x08005abc        0x8 ../libDaisy/build\libdaisy.a(audio.o)
                0x08005abc                daisy::AudioHandle::GetConfig() const
 .text._ZN5daisy11AudioHandle13GetSampleRateEv
                0x08005ac4        0x8 ../libDaisy/build\libdaisy.a(audio.o)
                0x08005ac4                daisy::AudioHandle::GetSampleRate()
 .text.startup._GLOBAL__sub_I__ZN5daisy11AudioHandle4Impl4InitENS0_6ConfigENS_9SaiHandleE
                0x08005acc       0x20 ../libDaisy/build\libdaisy.a(audio.o)
 .text._ZN5daisy9UsbHandleD2Ev
                0x08005aec        0x4 ../libDaisy/build\libdaisy.a(logger.o)
                0x08005aec                daisy::UsbHandle::~UsbHandle()
                0x08005aec                daisy::UsbHandle::~UsbHandle()
 .text._ZN5daisy6LoggerILNS_17LoggerDestinationE1EE9PrintLineEPKcz
                0x08005af0       0xc8 ../libDaisy/build\libdaisy.a(logger.o)
                0x08005af0                daisy::Logger<(daisy::LoggerDestination)1>::PrintLine(char const*, ...)
 .text._ZN5daisy6LoggerILNS_17LoggerDestinationE1EE8StartLogEb
                0x08005bb8       0x38 ../libDaisy/build\libdaisy.a(logger.o)
                0x08005bb8                daisy::Logger<(daisy::LoggerDestination)1>::StartLog(bool)
 .text.startup._GLOBAL__sub_I__ZN5daisy10LoggerImplILNS_17LoggerDestinationE1EE11usb_handle_E
                0x08005bf0       0x30 ../libDaisy/build\libdaisy.a(logger.o)
 .text.DummyRxCallback
                0x08005c20        0x4 ../libDaisy/build\libdaisy.a(usb.o)
                0x08005c20                DummyRxCallback
 .text._ZN5daisy9UsbHandle4InitENS0_9UsbPeriphE
                0x08005c24      0x10c ../libDaisy/build\libdaisy.a(usb.o)
                0x08005c24                daisy::UsbHandle::Init(daisy::UsbHandle::UsbPeriph)
 .text._ZN5daisy9UsbHandle16TransmitInternalEPhj
                0x08005d30       0x14 ../libDaisy/build\libdaisy.a(usb.o)
                0x08005d30                daisy::UsbHandle::TransmitInternal(unsigned char*, unsigned int)
 .text.OTG_FS_EP1_OUT_IRQHandler
                0x08005d44        0xc ../libDaisy/build\libdaisy.a(usb.o)
                0x08005d44                OTG_FS_EP1_OUT_IRQHandler
 .text.OTG_FS_EP1_IN_IRQHandler
                0x08005d50        0xc ../libDaisy/build\libdaisy.a(usb.o)
                0x08005d50                OTG_FS_EP1_IN_IRQHandler
 .text.OTG_FS_IRQHandler
                0x08005d5c        0xc ../libDaisy/build\libdaisy.a(usb.o)
                0x08005d5c                OTG_FS_IRQHandler
 .text._ZN5daisy4GPIO4InitERKNS0_6ConfigE
                0x08005d68      0x1e4 ../libDaisy/build\libdaisy.a(gpio.o)
                0x08005d68                daisy::GPIO::Init(daisy::GPIO::Config const&)
 .text._ZN5daisy4GPIO4InitENS_3PinENS0_4ModeENS0_4PullENS0_5SpeedE
                0x08005f4c      0x1dc ../libDaisy/build\libdaisy.a(gpio.o)
                0x08005f4c                daisy::GPIO::Init(daisy::Pin, daisy::GPIO::Mode, daisy::GPIO::Pull, daisy::GPIO::Speed)
 .text._ZN5daisy4GPIO4ReadEv
                0x08006128       0x18 ../libDaisy/build\libdaisy.a(gpio.o)
                0x08006128                daisy::GPIO::Read()
 .text._ZN5daisy4GPIO5WriteEb
                0x08006140       0x14 ../libDaisy/build\libdaisy.a(gpio.o)
                0x08006140                daisy::GPIO::Write(bool)
 .text._ZN5daisy9I2CHandle4Impl8InitPinsEv
                0x08006154       0x70 ../libDaisy/build\libdaisy.a(i2c.o)
                0x08006154                daisy::I2CHandle::Impl::InitPins()
 .text.HAL_I2C_MspInit
                0x080061c4      0x1b4 ../libDaisy/build\libdaisy.a(i2c.o)
                0x080061c4                HAL_I2C_MspInit
 .text.dsy_i2c_global_init
                0x08006378       0x70 ../libDaisy/build\libdaisy.a(i2c.o)
                0x08006378                dsy_i2c_global_init
 .text.DMA1_Stream6_IRQHandler
                0x080063e8       0x34 ../libDaisy/build\libdaisy.a(i2c.o)
                0x080063e8                DMA1_Stream6_IRQHandler
 .text.I2C1_EV_IRQHandler
                0x0800641c        0xc ../libDaisy/build\libdaisy.a(i2c.o)
                0x0800641c                I2C1_EV_IRQHandler
 .text.I2C2_EV_IRQHandler
                0x08006428        0xc ../libDaisy/build\libdaisy.a(i2c.o)
                0x08006428                I2C2_EV_IRQHandler
 .text.I2C3_EV_IRQHandler
                0x08006434        0xc ../libDaisy/build\libdaisy.a(i2c.o)
                0x08006434                I2C3_EV_IRQHandler
 .text._ZN5daisy9I2CHandle4InitERKNS0_6ConfigE
                0x08006440      0x130 ../libDaisy/build\libdaisy.a(i2c.o)
                0x08006440                daisy::I2CHandle::Init(daisy::I2CHandle::Config const&)
 .text._ZN5daisy9I2CHandle16TransmitBlockingEtPhtm
                0x08006570       0x50 ../libDaisy/build\libdaisy.a(i2c.o)
                0x08006570                daisy::I2CHandle::TransmitBlocking(unsigned short, unsigned char*, unsigned short, unsigned long)
 .text.startup._GLOBAL__sub_I__ZN5daisy9I2CHandle4Impl10GlobalInitEv
                0x080065c0       0x2c ../libDaisy/build\libdaisy.a(i2c.o)
 .text._ZN5daisy10QSPIHandle4Impl11WriteEnableEv
                0x080065ec       0x84 ../libDaisy/build\libdaisy.a(qspi.o)
                0x080065ec                daisy::QSPIHandle::Impl::WriteEnable()
 .text._ZN5daisy10QSPIHandle4Impl17DummyCyclesConfigENS0_6Config6DeviceE
                0x08006670      0x100 ../libDaisy/build\libdaisy.a(qspi.o)
                0x08006670                daisy::QSPIHandle::Impl::DummyCyclesConfig(daisy::QSPIHandle::Config::Device)
 .text._ZN5daisy10QSPIHandle4Impl10QuadEnableEv
                0x08006770      0x130 ../libDaisy/build\libdaisy.a(qspi.o)
                0x08006770                daisy::QSPIHandle::Impl::QuadEnable()
 .text._ZN5daisy10QSPIHandle4InitERKNS0_6ConfigE
                0x080068a0      0x17c ../libDaisy/build\libdaisy.a(qspi.o)
                0x080068a0                daisy::QSPIHandle::Init(daisy::QSPIHandle::Config const&)
 .text.HAL_QSPI_MspInit
                0x08006a1c      0x114 ../libDaisy/build\libdaisy.a(qspi.o)
                0x08006a1c                HAL_QSPI_MspInit
 .text.HAL_QSPI_MspDeInit
                0x08006b30       0x60 ../libDaisy/build\libdaisy.a(qspi.o)
                0x08006b30                HAL_QSPI_MspDeInit
 .text.QUADSPI_IRQHandler
                0x08006b90        0xc ../libDaisy/build\libdaisy.a(qspi.o)
                0x08006b90                QUADSPI_IRQHandler
 .text.startup._GLOBAL__sub_I__ZN5daisy10QSPIHandle4Impl4InitERKNS0_6ConfigE
                0x08006b9c       0x34 ../libDaisy/build\libdaisy.a(qspi.o)
 .text._ZN5daisy9SaiHandle4Impl8InitPinsEv
                0x08006bd0       0xc0 ../libDaisy/build\libdaisy.a(sai.o)
                0x08006bd0                daisy::SaiHandle::Impl::InitPins()
 .text.HAL_SAI_MspInit
                0x08006c90      0x2a8 ../libDaisy/build\libdaisy.a(sai.o)
                0x08006c90                HAL_SAI_MspInit
 .text.DMA1_Stream0_IRQHandler
                0x08006f38        0xc ../libDaisy/build\libdaisy.a(sai.o)
                0x08006f38                DMA1_Stream0_IRQHandler
 .text.DMA1_Stream1_IRQHandler
                0x08006f44        0xc ../libDaisy/build\libdaisy.a(sai.o)
                0x08006f44                DMA1_Stream1_IRQHandler
 .text.DMA1_Stream3_IRQHandler
                0x08006f50        0xc ../libDaisy/build\libdaisy.a(sai.o)
                0x08006f50                DMA1_Stream3_IRQHandler
 .text.DMA1_Stream4_IRQHandler
                0x08006f5c        0xc ../libDaisy/build\libdaisy.a(sai.o)
                0x08006f5c                DMA1_Stream4_IRQHandler
 .text._ZN5daisy9SaiHandle4InitERKNS0_6ConfigE
                0x08006f68      0x204 ../libDaisy/build\libdaisy.a(sai.o)
                0x08006f68                daisy::SaiHandle::Init(daisy::SaiHandle::Config const&)
 .text._ZNK5daisy9SaiHandle9GetConfigEv
                0x0800716c        0x4 ../libDaisy/build\libdaisy.a(sai.o)
                0x0800716c                daisy::SaiHandle::GetConfig() const
 .text._ZN5daisy9SaiHandle13GetSampleRateEv
                0x08007170       0x24 ../libDaisy/build\libdaisy.a(sai.o)
                0x08007170                daisy::SaiHandle::GetSampleRate()
 .text.startup._GLOBAL__sub_I__ZN5daisy9SaiHandle4Impl4InitERKNS0_6ConfigE
                0x08007194       0x20 ../libDaisy/build\libdaisy.a(sai.o)
 .text._ZN5daisy11TimerHandleD2Ev
                0x080071b4        0x4 ../libDaisy/build\libdaisy.a(system.o)
                0x080071b4                daisy::TimerHandle::~TimerHandle()
                0x080071b4                daisy::TimerHandle::~TimerHandle()
 .text.SysTick_Handler
                0x080071b8       0x10 ../libDaisy/build\libdaisy.a(system.o)
                0x080071b8                SysTick_Handler
 .text.OTG_HS_EP1_OUT_IRQHandler
                0x080071c8       0x24 ../libDaisy/build\libdaisy.a(system.o)
                0x080071c8                OTG_HS_EP1_OUT_IRQHandler
 .text.OTG_HS_EP1_IN_IRQHandler
                0x080071ec       0x24 ../libDaisy/build\libdaisy.a(system.o)
                0x080071ec                OTG_HS_EP1_IN_IRQHandler
 .text.OTG_HS_IRQHandler
                0x08007210       0x24 ../libDaisy/build\libdaisy.a(system.o)
                0x08007210                OTG_HS_IRQHandler
 .text.HardFault_Handler
                0x08007234       0xe0 ../libDaisy/build\libdaisy.a(system.o)
                0x08007234                HardFault_Handler
 .text._ZN5daisy6System5DelayEm
                0x08007314        0x4 ../libDaisy/build\libdaisy.a(system.o)
                0x08007314                daisy::System::Delay(unsigned long)
 .text._ZN5daisy6System20GetBootloaderVersionEv
                0x08007318       0x34 ../libDaisy/build\libdaisy.a(system.o)
                0x08007318                daisy::System::GetBootloaderVersion()
 *fill*         0x0800734c        0x4 
 .text._ZN5daisy6System15ConfigureClocksEv
                0x08007350      0x19c ../libDaisy/build\libdaisy.a(system.o)
                0x08007350                daisy::System::ConfigureClocks()
 .text._ZN5daisy6System12ConfigureMpuEv
                0x080074ec       0x7c ../libDaisy/build\libdaisy.a(system.o)
                0x080074ec                daisy::System::ConfigureMpu()
 .text._ZN5daisy6System4InitERKNS0_6ConfigE
                0x08007568       0xf8 ../libDaisy/build\libdaisy.a(system.o)
                0x08007568                daisy::System::Init(daisy::System::Config const&)
 .text._ZN5daisy6System12GetPClk1FreqEv
                0x08007660        0x4 ../libDaisy/build\libdaisy.a(system.o)
                0x08007660                daisy::System::GetPClk1Freq()
 .text._ZN5daisy6System22GetProgramMemoryRegionEv
                0x08007664       0x78 ../libDaisy/build\libdaisy.a(system.o)
                0x08007664                daisy::System::GetProgramMemoryRegion()
 .text.startup._GLOBAL__sub_I__ZN5daisy9boot_infoE
                0x080076dc       0x1c ../libDaisy/build\libdaisy.a(system.o)
 .text.SystemInit
                0x080076f8       0x9c ../libDaisy/build\libdaisy.a(system_stm32h7xx.o)
                0x080076f8                SystemInit
 .text.dummy_rx_callback
                0x08007794        0x4 ../libDaisy/build\libdaisy.a(usbd_cdc_if.o)
                0x08007794                dummy_rx_callback
 .text.CDC_DeInit_FS
                0x08007798        0x4 ../libDaisy/build\libdaisy.a(usbd_cdc_if.o)
 .text.CDC_Receive_FS
                0x0800779c       0x2c ../libDaisy/build\libdaisy.a(usbd_cdc_if.o)
 .text.CDC_Receive_HS
                0x080077c8       0x2c ../libDaisy/build\libdaisy.a(usbd_cdc_if.o)
 .text.CDC_Init_FS
                0x080077f4       0x3c ../libDaisy/build\libdaisy.a(usbd_cdc_if.o)
 .text.CDC_Init_HS
                0x08007830       0x3c ../libDaisy/build\libdaisy.a(usbd_cdc_if.o)
 .text.CDC_Control_FS
                0x0800786c       0x34 ../libDaisy/build\libdaisy.a(usbd_cdc_if.o)
 .text.CDC_Control_HS
                0x080078a0       0x34 ../libDaisy/build\libdaisy.a(usbd_cdc_if.o)
 .text.CDC_DeInit_HS
                0x080078d4        0x4 ../libDaisy/build\libdaisy.a(usbd_cdc_if.o)
 .text.CDC_Transmit_FS
                0x080078d8       0x2c ../libDaisy/build\libdaisy.a(usbd_cdc_if.o)
                0x080078d8                CDC_Transmit_FS
 .text.HAL_PCD_MspInit
                0x08007904      0x144 ../libDaisy/build\libdaisy.a(usbd_conf.o)
                0x08007904                HAL_PCD_MspInit
 .text.HAL_PCD_SetupStageCallback
                0x08007a48        0xc ../libDaisy/build\libdaisy.a(usbd_conf.o)
                0x08007a48                HAL_PCD_SetupStageCallback
 .text.HAL_PCD_DataOutStageCallback
                0x08007a54       0x14 ../libDaisy/build\libdaisy.a(usbd_conf.o)
                0x08007a54                HAL_PCD_DataOutStageCallback
 .text.HAL_PCD_DataInStageCallback
                0x08007a68       0x14 ../libDaisy/build\libdaisy.a(usbd_conf.o)
                0x08007a68                HAL_PCD_DataInStageCallback
 .text.HAL_PCD_SOFCallback
                0x08007a7c        0x8 ../libDaisy/build\libdaisy.a(usbd_conf.o)
                0x08007a7c                HAL_PCD_SOFCallback
 .text.HAL_PCD_ResetCallback
                0x08007a84       0x24 ../libDaisy/build\libdaisy.a(usbd_conf.o)
                0x08007a84                HAL_PCD_ResetCallback
 .text.HAL_PCD_SuspendCallback
                0x08007aa8       0x30 ../libDaisy/build\libdaisy.a(usbd_conf.o)
                0x08007aa8                HAL_PCD_SuspendCallback
 .text.HAL_PCD_ResumeCallback
                0x08007ad8        0x8 ../libDaisy/build\libdaisy.a(usbd_conf.o)
                0x08007ad8                HAL_PCD_ResumeCallback
 .text.HAL_PCD_ISOOUTIncompleteCallback
                0x08007ae0        0x8 ../libDaisy/build\libdaisy.a(usbd_conf.o)
                0x08007ae0                HAL_PCD_ISOOUTIncompleteCallback
 .text.HAL_PCD_ISOINIncompleteCallback
                0x08007ae8        0x8 ../libDaisy/build\libdaisy.a(usbd_conf.o)
                0x08007ae8                HAL_PCD_ISOINIncompleteCallback
 .text.HAL_PCD_ConnectCallback
                0x08007af0        0x8 ../libDaisy/build\libdaisy.a(usbd_conf.o)
                0x08007af0                HAL_PCD_ConnectCallback
 .text.HAL_PCD_DisconnectCallback
                0x08007af8        0x8 ../libDaisy/build\libdaisy.a(usbd_conf.o)
                0x08007af8                HAL_PCD_DisconnectCallback
 .text.USBD_LL_Init
                0x08007b00       0xd0 ../libDaisy/build\libdaisy.a(usbd_conf.o)
                0x08007b00                USBD_LL_Init
 .text.USBD_LL_Start
                0x08007bd0       0x18 ../libDaisy/build\libdaisy.a(usbd_conf.o)
                0x08007bd0                USBD_LL_Start
 .text.USBD_LL_OpenEP
                0x08007be8       0x1c ../libDaisy/build\libdaisy.a(usbd_conf.o)
                0x08007be8                USBD_LL_OpenEP
 .text.USBD_LL_CloseEP
                0x08007c04       0x18 ../libDaisy/build\libdaisy.a(usbd_conf.o)
                0x08007c04                USBD_LL_CloseEP
 .text.USBD_LL_StallEP
                0x08007c1c       0x18 ../libDaisy/build\libdaisy.a(usbd_conf.o)
                0x08007c1c                USBD_LL_StallEP
 .text.USBD_LL_ClearStallEP
                0x08007c34       0x18 ../libDaisy/build\libdaisy.a(usbd_conf.o)
                0x08007c34                USBD_LL_ClearStallEP
 .text.USBD_LL_IsStallEP
                0x08007c4c       0x28 ../libDaisy/build\libdaisy.a(usbd_conf.o)
                0x08007c4c                USBD_LL_IsStallEP
 .text.USBD_LL_SetUSBAddress
                0x08007c74       0x18 ../libDaisy/build\libdaisy.a(usbd_conf.o)
                0x08007c74                USBD_LL_SetUSBAddress
 .text.USBD_LL_Transmit
                0x08007c8c       0x18 ../libDaisy/build\libdaisy.a(usbd_conf.o)
                0x08007c8c                USBD_LL_Transmit
 .text.USBD_LL_PrepareReceive
                0x08007ca4       0x18 ../libDaisy/build\libdaisy.a(usbd_conf.o)
                0x08007ca4                USBD_LL_PrepareReceive
 .text.USBD_LL_GetRxDataSize
                0x08007cbc        0x8 ../libDaisy/build\libdaisy.a(usbd_conf.o)
                0x08007cbc                USBD_LL_GetRxDataSize
 .text.USBD_HS_DeviceDescriptor
                0x08007cc4        0xc ../libDaisy/build\libdaisy.a(usbd_desc.o)
                0x08007cc4                USBD_HS_DeviceDescriptor
 .text.USBD_FS_DeviceDescriptor
                0x08007cd0        0xc ../libDaisy/build\libdaisy.a(usbd_desc.o)
                0x08007cd0                USBD_FS_DeviceDescriptor
 .text.USBD_FS_LangIDStrDescriptor
                0x08007cdc        0xc ../libDaisy/build\libdaisy.a(usbd_desc.o)
                0x08007cdc                USBD_FS_LangIDStrDescriptor
 .text.USBD_FS_ManufacturerStrDescriptor
                0x08007ce8       0x1c ../libDaisy/build\libdaisy.a(usbd_desc.o)
                0x08007ce8                USBD_FS_ManufacturerStrDescriptor
 .text.USBD_HS_ProductStrDescriptor
                0x08007d04       0x1c ../libDaisy/build\libdaisy.a(usbd_desc.o)
                0x08007d04                USBD_HS_ProductStrDescriptor
 .text.USBD_FS_ConfigStrDescriptor
                0x08007d20       0x1c ../libDaisy/build\libdaisy.a(usbd_desc.o)
                0x08007d20                USBD_FS_ConfigStrDescriptor
 .text.USBD_FS_InterfaceStrDescriptor
                0x08007d3c       0x1c ../libDaisy/build\libdaisy.a(usbd_desc.o)
                0x08007d3c                USBD_FS_InterfaceStrDescriptor
 .text.USBD_FS_ProductStrDescriptor
                0x08007d58       0x1c ../libDaisy/build\libdaisy.a(usbd_desc.o)
                0x08007d58                USBD_FS_ProductStrDescriptor
 .text.USBD_HS_LangIDStrDescriptor
                0x08007d74        0xc ../libDaisy/build\libdaisy.a(usbd_desc.o)
                0x08007d74                USBD_HS_LangIDStrDescriptor
 .text.USBD_HS_ManufacturerStrDescriptor
                0x08007d80       0x1c ../libDaisy/build\libdaisy.a(usbd_desc.o)
                0x08007d80                USBD_HS_ManufacturerStrDescriptor
 .text.USBD_FS_SerialStrDescriptor
                0x08007d9c      0x154 ../libDaisy/build\libdaisy.a(usbd_desc.o)
                0x08007d9c                USBD_FS_SerialStrDescriptor
 .text.USBD_HS_SerialStrDescriptor
                0x08007ef0      0x154 ../libDaisy/build\libdaisy.a(usbd_desc.o)
                0x08007ef0                USBD_HS_SerialStrDescriptor
 .text.USBD_HS_InterfaceStrDescriptor
                0x08008044       0x1c ../libDaisy/build\libdaisy.a(usbd_desc.o)
                0x08008044                USBD_HS_InterfaceStrDescriptor
 .text.USBD_HS_ConfigStrDescriptor
                0x08008060       0x1c ../libDaisy/build\libdaisy.a(usbd_desc.o)
                0x08008060                USBD_HS_ConfigStrDescriptor
 .text.HAL_HCD_SOF_Callback
                0x0800807c        0x8 ../libDaisy/build\libdaisy.a(usbh_conf.o)
                0x0800807c                HAL_HCD_SOF_Callback
 .text.HAL_HCD_Connect_Callback
                0x08008084        0x8 ../libDaisy/build\libdaisy.a(usbh_conf.o)
                0x08008084                HAL_HCD_Connect_Callback
 .text.HAL_HCD_Disconnect_Callback
                0x0800808c        0x8 ../libDaisy/build\libdaisy.a(usbh_conf.o)
                0x0800808c                HAL_HCD_Disconnect_Callback
 .text.HAL_HCD_HC_NotifyURBChange_Callback
                0x08008094        0x4 ../libDaisy/build\libdaisy.a(usbh_conf.o)
                0x08008094                HAL_HCD_HC_NotifyURBChange_Callback
 .text.HAL_HCD_PortEnabled_Callback
                0x08008098        0x8 ../libDaisy/build\libdaisy.a(usbh_conf.o)
                0x08008098                HAL_HCD_PortEnabled_Callback
 .text.HAL_HCD_PortDisabled_Callback
                0x080080a0        0x8 ../libDaisy/build\libdaisy.a(usbh_conf.o)
                0x080080a0                HAL_HCD_PortDisabled_Callback
 .text.USBH_LL_Stop
                0x080080a8       0x18 ../libDaisy/build\libdaisy.a(usbh_conf.o)
                0x080080a8                USBH_LL_Stop
 .text.HAL_MspInit
                0x080080c0        0x4 ../libDaisy/build\libdaisy.a(stm32h7xx_hal.o)
                0x080080c0                HAL_MspInit
 .text.HAL_InitTick
                0x080080c4       0x4c ../libDaisy/build\libdaisy.a(stm32h7xx_hal.o)
                0x080080c4                HAL_InitTick
 .text.HAL_Init
                0x08008110       0x60 ../libDaisy/build\libdaisy.a(stm32h7xx_hal.o)
                0x08008110                HAL_Init
 .text.HAL_IncTick
                0x08008170       0x18 ../libDaisy/build\libdaisy.a(stm32h7xx_hal.o)
                0x08008170                HAL_IncTick
 .text.HAL_GetTick
                0x08008188        0xc ../libDaisy/build\libdaisy.a(stm32h7xx_hal.o)
                0x08008188                HAL_GetTick
 .text.HAL_Delay
                0x08008194       0x24 ../libDaisy/build\libdaisy.a(stm32h7xx_hal.o)
                0x08008194                HAL_Delay
 .text.HAL_GetREVID
                0x080081b8        0xc ../libDaisy/build\libdaisy.a(stm32h7xx_hal.o)
                0x080081b8                HAL_GetREVID
 .text.HAL_GPIO_Init
                0x080081c4      0x284 ../libDaisy/build\libdaisy.a(stm32h7xx_hal_gpio.o)
                0x080081c4                HAL_GPIO_Init
 .text.HAL_GPIO_DeInit
                0x08008448      0x194 ../libDaisy/build\libdaisy.a(stm32h7xx_hal_gpio.o)
                0x08008448                HAL_GPIO_DeInit
 .text.HAL_GPIO_ReadPin
                0x080085dc        0xc ../libDaisy/build\libdaisy.a(stm32h7xx_hal_gpio.o)
                0x080085dc                HAL_GPIO_ReadPin
 .text.HAL_GPIO_WritePin
                0x080085e8        0x8 ../libDaisy/build\libdaisy.a(stm32h7xx_hal_gpio.o)
                0x080085e8                HAL_GPIO_WritePin
 .text.HAL_HCD_IRQHandler
                0x080085f0      0x928 ../libDaisy/build\libdaisy.a(stm32h7xx_hal_hcd.o)
                0x080085f0                HAL_HCD_IRQHandler
 .text.HAL_HCD_Stop
                0x08008f18       0x28 ../libDaisy/build\libdaisy.a(stm32h7xx_hal_hcd.o)
                0x08008f18                HAL_HCD_Stop
 .text.I2C_WaitOnTXISFlagUntilTimeout
                0x08008f40      0x16c ../libDaisy/build\libdaisy.a(stm32h7xx_hal_i2c.o)
 .text.I2C_WaitOnSTOPFlagUntilTimeout
                0x080090ac      0x168 ../libDaisy/build\libdaisy.a(stm32h7xx_hal_i2c.o)
 .text.HAL_I2C_Init
                0x08009214       0xac ../libDaisy/build\libdaisy.a(stm32h7xx_hal_i2c.o)
                0x08009214                HAL_I2C_Init
 .text.HAL_I2C_Master_Transmit
                0x080092c0      0x368 ../libDaisy/build\libdaisy.a(stm32h7xx_hal_i2c.o)
                0x080092c0                HAL_I2C_Master_Transmit
 .text.HAL_I2C_Slave_Transmit
                0x08009628      0x250 ../libDaisy/build\libdaisy.a(stm32h7xx_hal_i2c.o)
                0x08009628                HAL_I2C_Slave_Transmit
 .text.HAL_I2C_EV_IRQHandler
                0x08009878       0x10 ../libDaisy/build\libdaisy.a(stm32h7xx_hal_i2c.o)
                0x08009878                HAL_I2C_EV_IRQHandler
 .text.HAL_I2C_GetState
                0x08009888        0x8 ../libDaisy/build\libdaisy.a(stm32h7xx_hal_i2c.o)
                0x08009888                HAL_I2C_GetState
 .text.HAL_I2CEx_ConfigAnalogFilter
                0x08009890       0x54 ../libDaisy/build\libdaisy.a(stm32h7xx_hal_i2c_ex.o)
                0x08009890                HAL_I2CEx_ConfigAnalogFilter
 .text.HAL_I2CEx_ConfigDigitalFilter
                0x080098e4       0x58 ../libDaisy/build\libdaisy.a(stm32h7xx_hal_i2c_ex.o)
                0x080098e4                HAL_I2CEx_ConfigDigitalFilter
 .text.HAL_PCD_Init
                0x0800993c      0x110 ../libDaisy/build\libdaisy.a(stm32h7xx_hal_pcd.o)
                0x0800993c                HAL_PCD_Init
 .text.HAL_PCD_Start
                0x08009a4c       0x44 ../libDaisy/build\libdaisy.a(stm32h7xx_hal_pcd.o)
                0x08009a4c                HAL_PCD_Start
 .text.HAL_PCD_IRQHandler
                0x08009a90      0xb58 ../libDaisy/build\libdaisy.a(stm32h7xx_hal_pcd.o)
                0x08009a90                HAL_PCD_IRQHandler
 .text.HAL_PCD_SetAddress
                0x0800a5e8       0x2c ../libDaisy/build\libdaisy.a(stm32h7xx_hal_pcd.o)
                0x0800a5e8                HAL_PCD_SetAddress
 .text.HAL_PCD_EP_Open
                0x0800a614       0x7c ../libDaisy/build\libdaisy.a(stm32h7xx_hal_pcd.o)
                0x0800a614                HAL_PCD_EP_Open
 .text.HAL_PCD_EP_Close
                0x0800a690       0x70 ../libDaisy/build\libdaisy.a(stm32h7xx_hal_pcd.o)
                0x0800a690                HAL_PCD_EP_Close
 .text.HAL_PCD_EP_Receive
                0x0800a700       0x44 ../libDaisy/build\libdaisy.a(stm32h7xx_hal_pcd.o)
                0x0800a700                HAL_PCD_EP_Receive
 .text.HAL_PCD_EP_GetRxCount
                0x0800a744       0x14 ../libDaisy/build\libdaisy.a(stm32h7xx_hal_pcd.o)
                0x0800a744                HAL_PCD_EP_GetRxCount
 .text.HAL_PCD_EP_Transmit
                0x0800a758       0x44 ../libDaisy/build\libdaisy.a(stm32h7xx_hal_pcd.o)
                0x0800a758                HAL_PCD_EP_Transmit
 .text.HAL_PCD_EP_SetStall
                0x0800a79c       0x88 ../libDaisy/build\libdaisy.a(stm32h7xx_hal_pcd.o)
                0x0800a79c                HAL_PCD_EP_SetStall
 .text.HAL_PCD_EP_ClrStall
                0x0800a824       0x78 ../libDaisy/build\libdaisy.a(stm32h7xx_hal_pcd.o)
                0x0800a824                HAL_PCD_EP_ClrStall
 .text.HAL_PCDEx_SetTxFiFo
                0x0800a89c      0x104 ../libDaisy/build\libdaisy.a(stm32h7xx_hal_pcd_ex.o)
                0x0800a89c                HAL_PCDEx_SetTxFiFo
 .text.HAL_PCDEx_SetRxFiFo
                0x0800a9a0        0xc ../libDaisy/build\libdaisy.a(stm32h7xx_hal_pcd_ex.o)
                0x0800a9a0                HAL_PCDEx_SetRxFiFo
 .text.HAL_PCDEx_ActivateLPM
                0x0800a9ac       0x30 ../libDaisy/build\libdaisy.a(stm32h7xx_hal_pcd_ex.o)
                0x0800a9ac                HAL_PCDEx_ActivateLPM
 .text.HAL_PCDEx_LPM_Callback
                0x0800a9dc        0x4 ../libDaisy/build\libdaisy.a(stm32h7xx_hal_pcd_ex.o)
                0x0800a9dc                HAL_PCDEx_LPM_Callback
 .text.HAL_PWREx_ConfigSupply
                0x0800a9e0       0x48 ../libDaisy/build\libdaisy.a(stm32h7xx_hal_pwr_ex.o)
                0x0800a9e0                HAL_PWREx_ConfigSupply
 .text.HAL_PWREx_EnableUSBVoltageDetector
                0x0800aa28       0x10 ../libDaisy/build\libdaisy.a(stm32h7xx_hal_pwr_ex.o)
                0x0800aa28                HAL_PWREx_EnableUSBVoltageDetector
 .text.QSPI_Config
                0x0800aa38      0x188 ../libDaisy/build\libdaisy.a(stm32h7xx_hal_qspi.o)
 .text.HAL_QSPI_Init
                0x0800abc0       0xb4 ../libDaisy/build\libdaisy.a(stm32h7xx_hal_qspi.o)
                0x0800abc0                HAL_QSPI_Init
 .text.HAL_QSPI_DeInit
                0x0800ac74       0x24 ../libDaisy/build\libdaisy.a(stm32h7xx_hal_qspi.o)
                0x0800ac74                HAL_QSPI_DeInit
 .text.HAL_QSPI_Command
                0x0800ac98       0xd8 ../libDaisy/build\libdaisy.a(stm32h7xx_hal_qspi.o)
                0x0800ac98                HAL_QSPI_Command
 .text.HAL_QSPI_Transmit
                0x0800ad70      0x108 ../libDaisy/build\libdaisy.a(stm32h7xx_hal_qspi.o)
                0x0800ad70                HAL_QSPI_Transmit
 .text.HAL_QSPI_Receive
                0x0800ae78      0x118 ../libDaisy/build\libdaisy.a(stm32h7xx_hal_qspi.o)
                0x0800ae78                HAL_QSPI_Receive
 .text.HAL_QSPI_AutoPolling
                0x0800af90       0xf0 ../libDaisy/build\libdaisy.a(stm32h7xx_hal_qspi.o)
                0x0800af90                HAL_QSPI_AutoPolling
 .text.HAL_QSPI_MemoryMapped
                0x0800b080       0xc8 ../libDaisy/build\libdaisy.a(stm32h7xx_hal_qspi.o)
                0x0800b080                HAL_QSPI_MemoryMapped
 .text.HAL_QSPI_ErrorCallback
                0x0800b148        0x4 ../libDaisy/build\libdaisy.a(stm32h7xx_hal_qspi.o)
                0x0800b148                HAL_QSPI_ErrorCallback
 .text.QSPI_DMAAbortCplt
                0x0800b14c       0x38 ../libDaisy/build\libdaisy.a(stm32h7xx_hal_qspi.o)
 .text.HAL_QSPI_AbortCpltCallback
                0x0800b184        0x4 ../libDaisy/build\libdaisy.a(stm32h7xx_hal_qspi.o)
                0x0800b184                HAL_QSPI_AbortCpltCallback
 .text.HAL_QSPI_CmdCpltCallback
                0x0800b188        0x4 ../libDaisy/build\libdaisy.a(stm32h7xx_hal_qspi.o)
                0x0800b188                HAL_QSPI_CmdCpltCallback
 .text.HAL_QSPI_RxCpltCallback
                0x0800b18c        0x4 ../libDaisy/build\libdaisy.a(stm32h7xx_hal_qspi.o)
                0x0800b18c                HAL_QSPI_RxCpltCallback
 .text.HAL_QSPI_TxCpltCallback
                0x0800b190        0x4 ../libDaisy/build\libdaisy.a(stm32h7xx_hal_qspi.o)
                0x0800b190                HAL_QSPI_TxCpltCallback
 .text.HAL_QSPI_FifoThresholdCallback
                0x0800b194        0x4 ../libDaisy/build\libdaisy.a(stm32h7xx_hal_qspi.o)
                0x0800b194                HAL_QSPI_FifoThresholdCallback
 .text.HAL_QSPI_StatusMatchCallback
                0x0800b198        0x4 ../libDaisy/build\libdaisy.a(stm32h7xx_hal_qspi.o)
                0x0800b198                HAL_QSPI_StatusMatchCallback
 .text.HAL_QSPI_TimeOutCallback
                0x0800b19c        0x4 ../libDaisy/build\libdaisy.a(stm32h7xx_hal_qspi.o)
                0x0800b19c                HAL_QSPI_TimeOutCallback
 .text.HAL_QSPI_IRQHandler
                0x0800b1a0      0x210 ../libDaisy/build\libdaisy.a(stm32h7xx_hal_qspi.o)
                0x0800b1a0                HAL_QSPI_IRQHandler
 .text.HAL_SAI_Init
                0x0800b3b0      0x3b4 ../libDaisy/build\libdaisy.a(stm32h7xx_hal_sai.o)
                0x0800b3b0                HAL_SAI_Init
 .text.HAL_SAI_InitProtocol
                0x0800b764      0x160 ../libDaisy/build\libdaisy.a(stm32h7xx_hal_sai.o)
                0x0800b764                HAL_SAI_InitProtocol
 .text.HAL_SDRAM_Init
                0x0800b8c4       0x54 ../libDaisy/build\libdaisy.a(stm32h7xx_hal_sdram.o)
                0x0800b8c4                HAL_SDRAM_Init
 .text.HAL_SDRAM_SendCommand
                0x0800b918       0x40 ../libDaisy/build\libdaisy.a(stm32h7xx_hal_sdram.o)
                0x0800b918                HAL_SDRAM_SendCommand
 .text.HAL_SDRAM_ProgramRefreshRate
                0x0800b958       0x30 ../libDaisy/build\libdaisy.a(stm32h7xx_hal_sdram.o)
                0x0800b958                HAL_SDRAM_ProgramRefreshRate
 .text.FMC_SDRAM_Init
                0x0800b988       0x70 ../libDaisy/build\libdaisy.a(stm32h7xx_ll_fmc.o)
                0x0800b988                FMC_SDRAM_Init
 .text.FMC_SDRAM_Timing_Init
                0x0800b9f8       0x7c ../libDaisy/build\libdaisy.a(stm32h7xx_ll_fmc.o)
                0x0800b9f8                FMC_SDRAM_Timing_Init
 .text.FMC_SDRAM_SendCommand
                0x0800ba74       0x30 ../libDaisy/build\libdaisy.a(stm32h7xx_ll_fmc.o)
                0x0800ba74                FMC_SDRAM_SendCommand
 .text.FMC_SDRAM_ProgramRefreshRate
                0x0800baa4       0x1c ../libDaisy/build\libdaisy.a(stm32h7xx_ll_fmc.o)
                0x0800baa4                FMC_SDRAM_ProgramRefreshRate
 .text.USB_CoreInit
                0x0800bac0      0x144 ../libDaisy/build\libdaisy.a(stm32h7xx_ll_usb.o)
                0x0800bac0                USB_CoreInit
 .text.USB_SetTurnaroundTime
                0x0800bc04       0xf4 ../libDaisy/build\libdaisy.a(stm32h7xx_ll_usb.o)
                0x0800bc04                USB_SetTurnaroundTime
 .text.USB_EnableGlobalInt
                0x0800bcf8       0x10 ../libDaisy/build\libdaisy.a(stm32h7xx_ll_usb.o)
                0x0800bcf8                USB_EnableGlobalInt
 .text.USB_DisableGlobalInt
                0x0800bd08       0x10 ../libDaisy/build\libdaisy.a(stm32h7xx_ll_usb.o)
                0x0800bd08                USB_DisableGlobalInt
 .text.USB_SetCurrentMode
                0x0800bd18       0x6c ../libDaisy/build\libdaisy.a(stm32h7xx_ll_usb.o)
                0x0800bd18                USB_SetCurrentMode
 .text.USB_DevInit
                0x0800bd84      0x24c ../libDaisy/build\libdaisy.a(stm32h7xx_ll_usb.o)
                0x0800bd84                USB_DevInit
 .text.USB_FlushTxFifo
                0x0800bfd0       0x54 ../libDaisy/build\libdaisy.a(stm32h7xx_ll_usb.o)
                0x0800bfd0                USB_FlushTxFifo
 .text.USB_FlushRxFifo
                0x0800c024       0x50 ../libDaisy/build\libdaisy.a(stm32h7xx_ll_usb.o)
                0x0800c024                USB_FlushRxFifo
 .text.USB_GetDevSpeed
                0x0800c074       0x18 ../libDaisy/build\libdaisy.a(stm32h7xx_ll_usb.o)
                0x0800c074                USB_GetDevSpeed
 .text.USB_ActivateEndpoint
                0x0800c08c       0x8c ../libDaisy/build\libdaisy.a(stm32h7xx_ll_usb.o)
                0x0800c08c                USB_ActivateEndpoint
 .text.USB_DeactivateEndpoint
                0x0800c118       0xbc ../libDaisy/build\libdaisy.a(stm32h7xx_ll_usb.o)
                0x0800c118                USB_DeactivateEndpoint
 .text.USB_EPStartXfer
                0x0800c1d4      0x24c ../libDaisy/build\libdaisy.a(stm32h7xx_ll_usb.o)
                0x0800c1d4                USB_EPStartXfer
 .text.USB_EPStopXfer
                0x0800c420       0x94 ../libDaisy/build\libdaisy.a(stm32h7xx_ll_usb.o)
                0x0800c420                USB_EPStopXfer
 .text.USB_WritePacket
                0x0800c4b4       0x2c ../libDaisy/build\libdaisy.a(stm32h7xx_ll_usb.o)
                0x0800c4b4                USB_WritePacket
 .text.USB_ReadPacket
                0x0800c4e0       0x48 ../libDaisy/build\libdaisy.a(stm32h7xx_ll_usb.o)
                0x0800c4e0                USB_ReadPacket
 .text.USB_EPSetStall
                0x0800c528       0x70 ../libDaisy/build\libdaisy.a(stm32h7xx_ll_usb.o)
                0x0800c528                USB_EPSetStall
 .text.USB_EPClearStall
                0x0800c598       0x58 ../libDaisy/build\libdaisy.a(stm32h7xx_ll_usb.o)
                0x0800c598                USB_EPClearStall
 .text.USB_SetDevAddress
                0x0800c5f0       0x24 ../libDaisy/build\libdaisy.a(stm32h7xx_ll_usb.o)
                0x0800c5f0                USB_SetDevAddress
 .text.USB_DevConnect
                0x0800c614       0x20 ../libDaisy/build\libdaisy.a(stm32h7xx_ll_usb.o)
                0x0800c614                USB_DevConnect
 .text.USB_DevDisconnect
                0x0800c634       0x20 ../libDaisy/build\libdaisy.a(stm32h7xx_ll_usb.o)
                0x0800c634                USB_DevDisconnect
 .text.USB_ReadInterrupts
                0x0800c654        0x8 ../libDaisy/build\libdaisy.a(stm32h7xx_ll_usb.o)
                0x0800c654                USB_ReadInterrupts
 .text.USB_ReadChInterrupts
                0x0800c65c       0x10 ../libDaisy/build\libdaisy.a(stm32h7xx_ll_usb.o)
                0x0800c65c                USB_ReadChInterrupts
 .text.USB_ReadDevAllOutEpInterrupt
                0x0800c66c       0x10 ../libDaisy/build\libdaisy.a(stm32h7xx_ll_usb.o)
                0x0800c66c                USB_ReadDevAllOutEpInterrupt
 .text.USB_ReadDevAllInEpInterrupt
                0x0800c67c       0x10 ../libDaisy/build\libdaisy.a(stm32h7xx_ll_usb.o)
                0x0800c67c                USB_ReadDevAllInEpInterrupt
 .text.USB_ReadDevOutEPInterrupt
                0x0800c68c       0x14 ../libDaisy/build\libdaisy.a(stm32h7xx_ll_usb.o)
                0x0800c68c                USB_ReadDevOutEPInterrupt
 .text.USB_ReadDevInEPInterrupt
                0x0800c6a0       0x20 ../libDaisy/build\libdaisy.a(stm32h7xx_ll_usb.o)
                0x0800c6a0                USB_ReadDevInEPInterrupt
 .text.USB_GetMode
                0x0800c6c0        0x8 ../libDaisy/build\libdaisy.a(stm32h7xx_ll_usb.o)
                0x0800c6c0                USB_GetMode
 .text.USB_ActivateSetup
                0x0800c6c8       0x2c ../libDaisy/build\libdaisy.a(stm32h7xx_ll_usb.o)
                0x0800c6c8                USB_ActivateSetup
 .text.USB_EP0_OutStart
                0x0800c6f4       0x50 ../libDaisy/build\libdaisy.a(stm32h7xx_ll_usb.o)
                0x0800c6f4                USB_EP0_OutStart
 .text.USB_InitFSLSPClkSel
                0x0800c744       0x44 ../libDaisy/build\libdaisy.a(stm32h7xx_ll_usb.o)
                0x0800c744                USB_InitFSLSPClkSel
 .text.USB_HC_ReadInterrupt
                0x0800c788        0x8 ../libDaisy/build\libdaisy.a(stm32h7xx_ll_usb.o)
                0x0800c788                USB_HC_ReadInterrupt
 .text.USB_HC_Halt
                0x0800c790       0xe4 ../libDaisy/build\libdaisy.a(stm32h7xx_ll_usb.o)
                0x0800c790                USB_HC_Halt
 .text.USB_StopHost
                0x0800c874      0x1e4 ../libDaisy/build\libdaisy.a(stm32h7xx_ll_usb.o)
                0x0800c874                USB_StopHost
 .text.USBD_CDC_EP0_RxReady
                0x0800ca58       0x38 ../libDaisy/build\libdaisy.a(usbd_cdc.o)
 .text.USBD_CDC_GetFSCfgDesc
                0x0800ca90       0x24 ../libDaisy/build\libdaisy.a(usbd_cdc.o)
 .text.USBD_CDC_GetHSCfgDesc
                0x0800cab4       0x24 ../libDaisy/build\libdaisy.a(usbd_cdc.o)
 .text.USBD_CDC_GetOtherSpeedCfgDesc
                0x0800cad8       0x24 ../libDaisy/build\libdaisy.a(usbd_cdc.o)
 .text.USBD_CDC_GetDeviceQualifierDescriptor
                0x0800cafc       0x10 ../libDaisy/build\libdaisy.a(usbd_cdc.o)
                0x0800cafc                USBD_CDC_GetDeviceQualifierDescriptor
 .text.USBD_CDC_DataOut
                0x0800cb0c       0x38 ../libDaisy/build\libdaisy.a(usbd_cdc.o)
 .text.USBD_CDC_DataIn
                0x0800cb44       0x6c ../libDaisy/build\libdaisy.a(usbd_cdc.o)
 .text.USBD_CDC_Setup
                0x0800cbb0       0xfc ../libDaisy/build\libdaisy.a(usbd_cdc.o)
 .text.USBD_CDC_DeInit
                0x0800ccac       0x5c ../libDaisy/build\libdaisy.a(usbd_cdc.o)
 .text.USBD_CDC_Init
                0x0800cd08       0xc4 ../libDaisy/build\libdaisy.a(usbd_cdc.o)
 .text.USBD_CDC_RegisterInterface
                0x0800cdcc       0x18 ../libDaisy/build\libdaisy.a(usbd_cdc.o)
                0x0800cdcc                USBD_CDC_RegisterInterface
 .text.USBD_CDC_SetTxBuffer
                0x0800cde4       0x1c ../libDaisy/build\libdaisy.a(usbd_cdc.o)
                0x0800cde4                USBD_CDC_SetTxBuffer
 .text.USBD_CDC_SetRxBuffer
                0x0800ce00       0x18 ../libDaisy/build\libdaisy.a(usbd_cdc.o)
                0x0800ce00                USBD_CDC_SetRxBuffer
 .text.USBD_CDC_TransmitPacket
                0x0800ce18       0x38 ../libDaisy/build\libdaisy.a(usbd_cdc.o)
                0x0800ce18                USBD_CDC_TransmitPacket
 .text.USBD_CDC_ReceivePacket
                0x0800ce50       0x34 ../libDaisy/build\libdaisy.a(usbd_cdc.o)
                0x0800ce50                USBD_CDC_ReceivePacket
 .text.USBD_Init
                0x0800ce84       0x48 ../libDaisy/build\libdaisy.a(usbd_core.o)
                0x0800ce84                USBD_Init
 .text.USBD_RegisterClass
                0x0800cecc       0x50 ../libDaisy/build\libdaisy.a(usbd_core.o)
                0x0800cecc                USBD_RegisterClass
 .text.USBD_Start
                0x0800cf1c        0x4 ../libDaisy/build\libdaisy.a(usbd_core.o)
                0x0800cf1c                USBD_Start
 .text.USBD_SetClassConfig
                0x0800cf20       0x10 ../libDaisy/build\libdaisy.a(usbd_core.o)
                0x0800cf20                USBD_SetClassConfig
 .text.USBD_ClrClassConfig
                0x0800cf30       0x14 ../libDaisy/build\libdaisy.a(usbd_core.o)
                0x0800cf30                USBD_ClrClassConfig
 .text.USBD_LL_SetupStage
                0x0800cf44       0x60 ../libDaisy/build\libdaisy.a(usbd_core.o)
                0x0800cf44                USBD_LL_SetupStage
 .text.USBD_LL_DataOutStage
                0x0800cfa4       0x74 ../libDaisy/build\libdaisy.a(usbd_core.o)
                0x0800cfa4                USBD_LL_DataOutStage
 .text.USBD_LL_DataInStage
                0x0800d018       0xc0 ../libDaisy/build\libdaisy.a(usbd_core.o)
                0x0800d018                USBD_LL_DataInStage
 .text.USBD_LL_Reset
                0x0800d0d8       0x5c ../libDaisy/build\libdaisy.a(usbd_core.o)
                0x0800d0d8                USBD_LL_Reset
 .text.USBD_LL_SetSpeed
                0x0800d134        0x8 ../libDaisy/build\libdaisy.a(usbd_core.o)
                0x0800d134                USBD_LL_SetSpeed
 .text.USBD_LL_Suspend
                0x0800d13c       0x20 ../libDaisy/build\libdaisy.a(usbd_core.o)
                0x0800d13c                USBD_LL_Suspend
 .text.USBD_LL_Resume
                0x0800d15c       0x18 ../libDaisy/build\libdaisy.a(usbd_core.o)
                0x0800d15c                USBD_LL_Resume
 .text.USBD_LL_SOF
                0x0800d174       0x20 ../libDaisy/build\libdaisy.a(usbd_core.o)
                0x0800d174                USBD_LL_SOF
 .text.USBD_LL_IsoINIncomplete
                0x0800d194       0x2c ../libDaisy/build\libdaisy.a(usbd_core.o)
                0x0800d194                USBD_LL_IsoINIncomplete
 .text.USBD_LL_IsoOUTIncomplete
                0x0800d1c0       0x2c ../libDaisy/build\libdaisy.a(usbd_core.o)
                0x0800d1c0                USBD_LL_IsoOUTIncomplete
 .text.USBD_LL_DevConnected
                0x0800d1ec        0x4 ../libDaisy/build\libdaisy.a(usbd_core.o)
                0x0800d1ec                USBD_LL_DevConnected
 .text.USBD_LL_DevDisconnected
                0x0800d1f0       0x24 ../libDaisy/build\libdaisy.a(usbd_core.o)
                0x0800d1f0                USBD_LL_DevDisconnected
 .text.USBD_CoreFindIF
                0x0800d214        0x4 ../libDaisy/build\libdaisy.a(usbd_core.o)
                0x0800d214                USBD_CoreFindIF
 .text.USBD_CoreFindEP
                0x0800d218        0x4 ../libDaisy/build\libdaisy.a(usbd_core.o)
                0x0800d218                USBD_CoreFindEP
 .text.USBD_StdDevReq
                0x0800d21c      0x350 ../libDaisy/build\libdaisy.a(usbd_ctlreq.o)
                0x0800d21c                USBD_StdDevReq
 .text.USBD_StdItfReq
                0x0800d56c       0x78 ../libDaisy/build\libdaisy.a(usbd_ctlreq.o)
                0x0800d56c                USBD_StdItfReq
 .text.USBD_StdEPReq
                0x0800d5e4      0x160 ../libDaisy/build\libdaisy.a(usbd_ctlreq.o)
                0x0800d5e4                USBD_StdEPReq
 .text.USBD_ParseSetupRequest
                0x0800d744       0x18 ../libDaisy/build\libdaisy.a(usbd_ctlreq.o)
                0x0800d744                USBD_ParseSetupRequest
 .text.USBD_CtlError
                0x0800d75c       0x18 ../libDaisy/build\libdaisy.a(usbd_ctlreq.o)
                0x0800d75c                USBD_CtlError
 .text.USBD_GetString
                0x0800d774       0x50 ../libDaisy/build\libdaisy.a(usbd_ctlreq.o)
                0x0800d774                USBD_GetString
 .text.USBD_CtlSendData
                0x0800d7c4       0x1c ../libDaisy/build\libdaisy.a(usbd_ioreq.o)
                0x0800d7c4                USBD_CtlSendData
 .text.USBD_CtlContinueSendData
                0x0800d7e0       0x14 ../libDaisy/build\libdaisy.a(usbd_ioreq.o)
                0x0800d7e0                USBD_CtlContinueSendData
 .text.USBD_CtlPrepareRx
                0x0800d7f4       0x1c ../libDaisy/build\libdaisy.a(usbd_ioreq.o)
                0x0800d7f4                USBD_CtlPrepareRx
 .text.USBD_CtlContinueRx
                0x0800d810       0x14 ../libDaisy/build\libdaisy.a(usbd_ioreq.o)
                0x0800d810                USBD_CtlContinueRx
 .text.USBD_CtlSendStatus
                0x0800d824       0x18 ../libDaisy/build\libdaisy.a(usbd_ioreq.o)
                0x0800d824                USBD_CtlSendStatus
 .text.USBD_CtlReceiveStatus
                0x0800d83c       0x18 ../libDaisy/build\libdaisy.a(usbd_ioreq.o)
                0x0800d83c                USBD_CtlReceiveStatus
 .text.USBH_LL_IncTimer
                0x0800d854       0x20 ../libDaisy/build\libdaisy.a(usbh_core.o)
                0x0800d854                USBH_LL_IncTimer
 .text.USBH_LL_PortEnabled
                0x0800d874        0x8 ../libDaisy/build\libdaisy.a(usbh_core.o)
                0x0800d874                USBH_LL_PortEnabled
 .text.USBH_LL_PortDisabled
                0x0800d87c        0x8 ../libDaisy/build\libdaisy.a(usbh_core.o)
                0x0800d87c                USBH_LL_PortDisabled
 .text.USBH_LL_Connect
                0x0800d884       0x18 ../libDaisy/build\libdaisy.a(usbh_core.o)
                0x0800d884                USBH_LL_Connect
 .text.USBH_LL_Disconnect
                0x0800d89c       0x2c ../libDaisy/build\libdaisy.a(usbh_core.o)
                0x0800d89c                USBH_LL_Disconnect
 .text.USBH_FreePipe
                0x0800d8c8       0x18 ../libDaisy/build\libdaisy.a(usbh_pipes.o)
                0x0800d8c8                USBH_FreePipe
 .text._ZN5daisy6Random4InitEv
                0x0800d8e0       0x3c ../libDaisy/build\libdaisy.a(rng.o)
                0x0800d8e0                daisy::Random::Init()
 .text._ZN5daisy9SpiHandle4Impl7InitDmaEv
                0x0800d91c       0xec ../libDaisy/build\libdaisy.a(spi.o)
                0x0800d91c                daisy::SpiHandle::Impl::InitDma()
 .text._ZN5daisy9SpiHandle4Impl10StartDmaTxEPhjPFvPvEPFvS3_NS0_6ResultEES3_
                0x0800da08       0xbc ../libDaisy/build\libdaisy.a(spi.o)
                0x0800da08                daisy::SpiHandle::Impl::StartDmaTx(unsigned char*, unsigned int, void (*)(void*), void (*)(void*, daisy::SpiHandle::Result), void*)
 .text._ZN5daisy9SpiHandle4Impl10StartDmaRxEPhjPFvPvEPFvS3_NS0_6ResultEES3_
                0x0800dac4       0xbc ../libDaisy/build\libdaisy.a(spi.o)
                0x0800dac4                daisy::SpiHandle::Impl::StartDmaRx(unsigned char*, unsigned int, void (*)(void*), void (*)(void*, daisy::SpiHandle::Result), void*)
 .text._ZN5daisy9SpiHandle4Impl12StartDmaRxTxEPhS2_jPFvPvEPFvS3_NS0_6ResultEES3_
                0x0800db80       0xbc ../libDaisy/build\libdaisy.a(spi.o)
                0x0800db80                daisy::SpiHandle::Impl::StartDmaRxTx(unsigned char*, unsigned char*, unsigned int, void (*)(void*), void (*)(void*, daisy::SpiHandle::Result), void*)
 .text._ZN5daisy9SpiHandle4Impl8InitPinsEv
                0x0800dc3c      0x230 ../libDaisy/build\libdaisy.a(spi.o)
                0x0800dc3c                daisy::SpiHandle::Impl::InitPins()
 .text.HAL_SPI_MspInit
                0x0800de6c      0x6e8 ../libDaisy/build\libdaisy.a(spi.o)
                0x0800de6c                HAL_SPI_MspInit
 .text.dsy_spi_global_init
                0x0800e554       0x80 ../libDaisy/build\libdaisy.a(spi.o)
                0x0800e554                dsy_spi_global_init
 .text.SPI1_IRQHandler
                0x0800e5d4        0xc ../libDaisy/build\libdaisy.a(spi.o)
                0x0800e5d4                SPI1_IRQHandler
 .text.SPI2_IRQHandler
                0x0800e5e0        0xc ../libDaisy/build\libdaisy.a(spi.o)
                0x0800e5e0                SPI2_IRQHandler
 .text.SPI3_IRQHandler
                0x0800e5ec        0xc ../libDaisy/build\libdaisy.a(spi.o)
                0x0800e5ec                SPI3_IRQHandler
 .text.SPI4_IRQHandler
                0x0800e5f8        0xc ../libDaisy/build\libdaisy.a(spi.o)
                0x0800e5f8                SPI4_IRQHandler
 .text.SPI5_IRQHandler
                0x0800e604        0xc ../libDaisy/build\libdaisy.a(spi.o)
                0x0800e604                SPI5_IRQHandler
 .text.DMA2_Stream2_IRQHandler
                0x0800e610       0x34 ../libDaisy/build\libdaisy.a(spi.o)
                0x0800e610                DMA2_Stream2_IRQHandler
 .text.DMA2_Stream3_IRQHandler
                0x0800e644       0x34 ../libDaisy/build\libdaisy.a(spi.o)
                0x0800e644                DMA2_Stream3_IRQHandler
 .text.HAL_SPI_TxCpltCallback
                0x0800e678       0xc0 ../libDaisy/build\libdaisy.a(spi.o)
                0x0800e678                HAL_SPI_TxCpltCallback
 .text.HAL_SPI_RxCpltCallback
                0x0800e738       0xc0 ../libDaisy/build\libdaisy.a(spi.o)
                0x0800e738                HAL_SPI_RxCpltCallback
 .text.HAL_SPI_TxRxCpltCallback
                0x0800e7f8       0xc0 ../libDaisy/build\libdaisy.a(spi.o)
                0x0800e7f8                HAL_SPI_TxRxCpltCallback
 .text.HAL_SPI_ErrorCallback
                0x0800e8b8       0xc4 ../libDaisy/build\libdaisy.a(spi.o)
                0x0800e8b8                HAL_SPI_ErrorCallback
 .text.startup._GLOBAL__sub_I__Z19MapInstanceToHandleP11SPI_TypeDef
                0x0800e97c      0x1d8 ../libDaisy/build\libdaisy.a(spi.o)
 .text.HAL_TIM_Base_MspInit
                0x0800eb54      0x19c ../libDaisy/build\libdaisy.a(tim.o)
                0x0800eb54                HAL_TIM_Base_MspInit
 .text.HAL_TIM_PeriodElapsedCallback
                0x0800ecf0       0x44 ../libDaisy/build\libdaisy.a(tim.o)
                0x0800ecf0                HAL_TIM_PeriodElapsedCallback
 .text.TIM2_IRQHandler
                0x0800ed34        0xc ../libDaisy/build\libdaisy.a(tim.o)
                0x0800ed34                TIM2_IRQHandler
 .text.TIM3_IRQHandler
                0x0800ed40        0xc ../libDaisy/build\libdaisy.a(tim.o)
                0x0800ed40                TIM3_IRQHandler
 .text.TIM4_IRQHandler
                0x0800ed4c        0xc ../libDaisy/build\libdaisy.a(tim.o)
                0x0800ed4c                TIM4_IRQHandler
 .text.TIM5_IRQHandler
                0x0800ed58        0xc ../libDaisy/build\libdaisy.a(tim.o)
                0x0800ed58                TIM5_IRQHandler
 .text._ZN5daisy11TimerHandle4InitERKNS0_6ConfigE
                0x0800ed64       0xd0 ../libDaisy/build\libdaisy.a(tim.o)
                0x0800ed64                daisy::TimerHandle::Init(daisy::TimerHandle::Config const&)
 .text._ZN5daisy11TimerHandle5StartEv
                0x0800ee34       0x24 ../libDaisy/build\libdaisy.a(tim.o)
                0x0800ee34                daisy::TimerHandle::Start()
 .text.startup._GLOBAL__sub_I__ZN5daisy11TimerHandle4Impl4InitERKNS0_6ConfigE
                0x0800ee58       0x44 ../libDaisy/build\libdaisy.a(tim.o)
 .text._ZL20UART_CheckRxListenerPN5daisy11UartHandler4ImplE
                0x0800ee9c       0x84 ../libDaisy/build\libdaisy.a(uart.o)
 .text._ZN5daisy11UartHandler4Impl10StartDmaTxEPhjPFvPvEPFvS3_NS0_6ResultEES3_
                0x0800ef20      0x174 ../libDaisy/build\libdaisy.a(uart.o)
                0x0800ef20                daisy::UartHandler::Impl::StartDmaTx(unsigned char*, unsigned int, void (*)(void*), void (*)(void*, daisy::UartHandler::Result), void*)
 .text._ZN5daisy11UartHandler4Impl10StartDmaRxEPhjPFvPvEPFvS3_NS0_6ResultEES3_
                0x0800f094      0x174 ../libDaisy/build\libdaisy.a(uart.o)
                0x0800f094                daisy::UartHandler::Impl::StartDmaRx(unsigned char*, unsigned int, void (*)(void*), void (*)(void*, daisy::UartHandler::Result), void*)
 .text._ZN5daisy11UartHandler4Impl19DmaTransferFinishedEP20__UART_HandleTypeDefNS0_6ResultE
                0x0800f208       0xc0 ../libDaisy/build\libdaisy.a(uart.o)
                0x0800f208                daisy::UartHandler::Impl::DmaTransferFinished(__UART_HandleTypeDef*, daisy::UartHandler::Result)
 .text._ZN5daisy11UartHandler4Impl8InitPinsEv
                0x0800f2c8      0x14c ../libDaisy/build\libdaisy.a(uart.o)
                0x0800f2c8                daisy::UartHandler::Impl::InitPins()
 .text.HAL_UART_MspInit
                0x0800f414      0x4b4 ../libDaisy/build\libdaisy.a(uart.o)
                0x0800f414                HAL_UART_MspInit
 .text.dsy_uart_global_init
                0x0800f8c8       0xfc ../libDaisy/build\libdaisy.a(uart.o)
                0x0800f8c8                dsy_uart_global_init
 .text.USART1_IRQHandler
                0x0800f9c4       0x2c ../libDaisy/build\libdaisy.a(uart.o)
                0x0800f9c4                USART1_IRQHandler
 .text.USART2_IRQHandler
                0x0800f9f0       0x34 ../libDaisy/build\libdaisy.a(uart.o)
                0x0800f9f0                USART2_IRQHandler
 .text.USART3_IRQHandler
                0x0800fa24       0x34 ../libDaisy/build\libdaisy.a(uart.o)
                0x0800fa24                USART3_IRQHandler
 .text.UART4_IRQHandler
                0x0800fa58       0x34 ../libDaisy/build\libdaisy.a(uart.o)
                0x0800fa58                UART4_IRQHandler
 .text.UART5_IRQHandler
                0x0800fa8c       0x34 ../libDaisy/build\libdaisy.a(uart.o)
                0x0800fa8c                UART5_IRQHandler
 .text.USART6_IRQHandler
                0x0800fac0       0x34 ../libDaisy/build\libdaisy.a(uart.o)
                0x0800fac0                USART6_IRQHandler
 .text.UART7_IRQHandler
                0x0800faf4       0x34 ../libDaisy/build\libdaisy.a(uart.o)
                0x0800faf4                UART7_IRQHandler
 .text.UART8_IRQHandler
                0x0800fb28       0x34 ../libDaisy/build\libdaisy.a(uart.o)
                0x0800fb28                UART8_IRQHandler
 .text.LPUART1_IRQHandler
                0x0800fb5c       0x34 ../libDaisy/build\libdaisy.a(uart.o)
                0x0800fb5c                LPUART1_IRQHandler
 .text.DMA1_Stream5_IRQHandler
                0x0800fb90       0x34 ../libDaisy/build\libdaisy.a(uart.o)
                0x0800fb90                DMA1_Stream5_IRQHandler
 .text.DMA2_Stream4_IRQHandler
                0x0800fbc4       0x34 ../libDaisy/build\libdaisy.a(uart.o)
                0x0800fbc4                DMA2_Stream4_IRQHandler
 .text.HAL_UART_TxCpltCallback
                0x0800fbf8        0x8 ../libDaisy/build\libdaisy.a(uart.o)
                0x0800fbf8                HAL_UART_TxCpltCallback
 .text.HAL_UART_RxCpltCallback
                0x0800fc00       0x94 ../libDaisy/build\libdaisy.a(uart.o)
                0x0800fc00                HAL_UART_RxCpltCallback
 .text.HAL_UART_RxHalfCpltCallback
                0x0800fc94       0x90 ../libDaisy/build\libdaisy.a(uart.o)
                0x0800fc94                HAL_UART_RxHalfCpltCallback
 .text.HAL_UART_ErrorCallback
                0x0800fd24        0x8 ../libDaisy/build\libdaisy.a(uart.o)
                0x0800fd24                HAL_UART_ErrorCallback
 .text.startup._GLOBAL__sub_I__Z19MapInstanceToHandleP13USART_TypeDef
                0x0800fd2c      0x1b0 ../libDaisy/build\libdaisy.a(uart.o)
 .text.dsy_dma_init
                0x0800fedc      0x100 ../libDaisy/build\libdaisy.a(dma.o)
                0x0800fedc                dsy_dma_init
 .text.dsy_dma_invalidate_cache_for_buffer
                0x0800ffdc       0x2c ../libDaisy/build\libdaisy.a(dma.o)
                0x0800ffdc                dsy_dma_invalidate_cache_for_buffer
 .text.HAL_MDMA_Abort_IT
                0x08010008       0x28 ../libDaisy/build\libdaisy.a(stm32h7xx_hal_mdma.o)
                0x08010008                HAL_MDMA_Abort_IT
 .text.SPI_CloseTransfer
                0x08010030       0xb8 ../libDaisy/build\libdaisy.a(stm32h7xx_hal_spi.o)
 .text.HAL_SPI_Init
                0x080100e8      0x1b0 ../libDaisy/build\libdaisy.a(stm32h7xx_hal_spi.o)
                0x080100e8                HAL_SPI_Init
 .text.HAL_SPI_Transmit_DMA
                0x08010298      0x178 ../libDaisy/build\libdaisy.a(stm32h7xx_hal_spi.o)
                0x08010298                HAL_SPI_Transmit_DMA
 .text.HAL_SPI_Receive_DMA
                0x08010410      0x184 ../libDaisy/build\libdaisy.a(stm32h7xx_hal_spi.o)
                0x08010410                HAL_SPI_Receive_DMA
 .text.HAL_SPI_TransmitReceive_DMA
                0x08010594      0x200 ../libDaisy/build\libdaisy.a(stm32h7xx_hal_spi.o)
                0x08010594                HAL_SPI_TransmitReceive_DMA
 .text.SPI_DMATransmitCplt
                0x08010794       0x28 ../libDaisy/build\libdaisy.a(stm32h7xx_hal_spi.o)
 .text.SPI_DMAReceiveCplt
                0x080107bc       0x28 ../libDaisy/build\libdaisy.a(stm32h7xx_hal_spi.o)
 .text.SPI_DMATransmitReceiveCplt
                0x080107e4       0x28 ../libDaisy/build\libdaisy.a(stm32h7xx_hal_spi.o)
 .text.HAL_SPI_TxHalfCpltCallback
                0x0801080c        0x4 ../libDaisy/build\libdaisy.a(stm32h7xx_hal_spi.o)
                0x0801080c                HAL_SPI_TxHalfCpltCallback
 .text.SPI_DMAHalfTransmitCplt
                0x08010810        0xc ../libDaisy/build\libdaisy.a(stm32h7xx_hal_spi.o)
 .text.HAL_SPI_RxHalfCpltCallback
                0x0801081c        0x4 ../libDaisy/build\libdaisy.a(stm32h7xx_hal_spi.o)
                0x0801081c                HAL_SPI_RxHalfCpltCallback
 .text.SPI_DMAHalfReceiveCplt
                0x08010820        0xc ../libDaisy/build\libdaisy.a(stm32h7xx_hal_spi.o)
 .text.HAL_SPI_TxRxHalfCpltCallback
                0x0801082c        0x4 ../libDaisy/build\libdaisy.a(stm32h7xx_hal_spi.o)
                0x0801082c                HAL_SPI_TxRxHalfCpltCallback
 .text.SPI_DMAHalfTransmitReceiveCplt
                0x08010830        0xc ../libDaisy/build\libdaisy.a(stm32h7xx_hal_spi.o)
 .text.SPI_DMAError
                0x0801083c       0xd8 ../libDaisy/build\libdaisy.a(stm32h7xx_hal_spi.o)
 .text.SPI_DMAAbortOnError
                0x08010914       0x1c ../libDaisy/build\libdaisy.a(stm32h7xx_hal_spi.o)
 .text.HAL_SPI_SuspendCallback
                0x08010930        0x4 ../libDaisy/build\libdaisy.a(stm32h7xx_hal_spi.o)
                0x08010930                HAL_SPI_SuspendCallback
 .text.HAL_SPI_IRQHandler
                0x08010934      0x208 ../libDaisy/build\libdaisy.a(stm32h7xx_hal_spi.o)
                0x08010934                HAL_SPI_IRQHandler
 .text.HAL_SPI_GetState
                0x08010b3c        0x8 ../libDaisy/build\libdaisy.a(stm32h7xx_hal_spi.o)
                0x08010b3c                HAL_SPI_GetState
 .text.HAL_TIM_Base_Init
                0x08010b44      0x13c ../libDaisy/build\libdaisy.a(stm32h7xx_hal_tim.o)
                0x08010b44                HAL_TIM_Base_Init
 .text.HAL_TIM_Base_Start
                0x08010c80       0x9c ../libDaisy/build\libdaisy.a(stm32h7xx_hal_tim.o)
                0x08010c80                HAL_TIM_Base_Start
 .text.HAL_TIM_Base_Start_IT
                0x08010d1c       0xa4 ../libDaisy/build\libdaisy.a(stm32h7xx_hal_tim.o)
                0x08010d1c                HAL_TIM_Base_Start_IT
 .text.HAL_TIM_ConfigClockSource
                0x08010dc0      0x18c ../libDaisy/build\libdaisy.a(stm32h7xx_hal_tim.o)
                0x08010dc0                HAL_TIM_ConfigClockSource
 .text.HAL_TIM_OC_DelayElapsedCallback
                0x08010f4c        0x4 ../libDaisy/build\libdaisy.a(stm32h7xx_hal_tim.o)
                0x08010f4c                HAL_TIM_OC_DelayElapsedCallback
 .text.HAL_TIM_IC_CaptureCallback
                0x08010f50        0x4 ../libDaisy/build\libdaisy.a(stm32h7xx_hal_tim.o)
                0x08010f50                HAL_TIM_IC_CaptureCallback
 .text.HAL_TIM_PWM_PulseFinishedCallback
                0x08010f54        0x4 ../libDaisy/build\libdaisy.a(stm32h7xx_hal_tim.o)
                0x08010f54                HAL_TIM_PWM_PulseFinishedCallback
 .text.HAL_TIM_TriggerCallback
                0x08010f58        0x4 ../libDaisy/build\libdaisy.a(stm32h7xx_hal_tim.o)
                0x08010f58                HAL_TIM_TriggerCallback
 .text.HAL_TIM_IRQHandler
                0x08010f5c      0x158 ../libDaisy/build\libdaisy.a(stm32h7xx_hal_tim.o)
                0x08010f5c                HAL_TIM_IRQHandler
 .text.HAL_TIMEx_MasterConfigSynchronization
                0x080110b4       0xb4 ../libDaisy/build\libdaisy.a(stm32h7xx_hal_tim_ex.o)
                0x080110b4                HAL_TIMEx_MasterConfigSynchronization
 .text.HAL_TIMEx_CommutCallback
                0x08011168        0x4 ../libDaisy/build\libdaisy.a(stm32h7xx_hal_tim_ex.o)
                0x08011168                HAL_TIMEx_CommutCallback
 .text.HAL_TIMEx_BreakCallback
                0x0801116c        0x4 ../libDaisy/build\libdaisy.a(stm32h7xx_hal_tim_ex.o)
                0x0801116c                HAL_TIMEx_BreakCallback
 .text.HAL_TIMEx_Break2Callback
                0x08011170        0x4 ../libDaisy/build\libdaisy.a(stm32h7xx_hal_tim_ex.o)
                0x08011170                HAL_TIMEx_Break2Callback
 .text.HAL_UART_Transmit_DMA
                0x08011174       0x8c ../libDaisy/build\libdaisy.a(stm32h7xx_hal_uart.o)
                0x08011174                HAL_UART_Transmit_DMA
 .text.UART_DMATransmitCplt
                0x08011200       0x44 ../libDaisy/build\libdaisy.a(stm32h7xx_hal_uart.o)
 .text.HAL_UART_TxHalfCpltCallback
                0x08011244        0x4 ../libDaisy/build\libdaisy.a(stm32h7xx_hal_uart.o)
                0x08011244                HAL_UART_TxHalfCpltCallback
 .text.UART_DMATxHalfCplt
                0x08011248        0xc ../libDaisy/build\libdaisy.a(stm32h7xx_hal_uart.o)
 .text.UART_DMAError
                0x08011254       0xd4 ../libDaisy/build\libdaisy.a(stm32h7xx_hal_uart.o)
 .text.UART_DMAAbortOnError
                0x08011328       0x14 ../libDaisy/build\libdaisy.a(stm32h7xx_hal_uart.o)
 .text.HAL_UARTEx_RxEventCallback
                0x0801133c        0x4 ../libDaisy/build\libdaisy.a(stm32h7xx_hal_uart.o)
                0x0801133c                HAL_UARTEx_RxEventCallback
 .text.HAL_UART_IRQHandler
                0x08011340      0x38c ../libDaisy/build\libdaisy.a(stm32h7xx_hal_uart.o)
                0x08011340                HAL_UART_IRQHandler
 .text.UART_DMARxHalfCplt
                0x080116cc       0x20 ../libDaisy/build\libdaisy.a(stm32h7xx_hal_uart.o)
 .text.UART_DMAReceiveCplt
                0x080116ec       0x9c ../libDaisy/build\libdaisy.a(stm32h7xx_hal_uart.o)
 .text.HAL_UART_GetState
                0x08011788        0xc ../libDaisy/build\libdaisy.a(stm32h7xx_hal_uart.o)
                0x08011788                HAL_UART_GetState
 .text.UART_SetConfig
                0x08011794      0x378 ../libDaisy/build\libdaisy.a(stm32h7xx_hal_uart.o)
                0x08011794                UART_SetConfig
 .text.UART_AdvFeatureConfig
                0x08011b0c       0xb0 ../libDaisy/build\libdaisy.a(stm32h7xx_hal_uart.o)
                0x08011b0c                UART_AdvFeatureConfig
 .text.UART_CheckIdleState
                0x08011bbc      0x258 ../libDaisy/build\libdaisy.a(stm32h7xx_hal_uart.o)
                0x08011bbc                UART_CheckIdleState
 .text.HAL_UART_Init
                0x08011e14       0x68 ../libDaisy/build\libdaisy.a(stm32h7xx_hal_uart.o)
                0x08011e14                HAL_UART_Init
 .text.UART_Start_Receive_DMA
                0x08011e7c       0xa0 ../libDaisy/build\libdaisy.a(stm32h7xx_hal_uart.o)
                0x08011e7c                UART_Start_Receive_DMA
 .text.HAL_UART_Receive_DMA
                0x08011f1c       0x48 ../libDaisy/build\libdaisy.a(stm32h7xx_hal_uart.o)
                0x08011f1c                HAL_UART_Receive_DMA
 .text.HAL_UARTEx_WakeupCallback
                0x08011f64        0x4 ../libDaisy/build\libdaisy.a(stm32h7xx_hal_uart_ex.o)
                0x08011f64                HAL_UARTEx_WakeupCallback
 .text.HAL_UARTEx_RxFifoFullCallback
                0x08011f68        0x4 ../libDaisy/build\libdaisy.a(stm32h7xx_hal_uart_ex.o)
                0x08011f68                HAL_UARTEx_RxFifoFullCallback
 .text.HAL_UARTEx_TxFifoEmptyCallback
                0x08011f6c        0x4 ../libDaisy/build\libdaisy.a(stm32h7xx_hal_uart_ex.o)
                0x08011f6c                HAL_UARTEx_TxFifoEmptyCallback
 .text.__aeabi_atexit
                0x08011f70        0xa C:/ST/STM32CubeCLT_1.16.0/GNU-tools-for-STM32/bin/../lib/gcc/arm-none-eabi/12.3.1/../../../../arm-none-eabi/lib/thumb/v7e-m+dp/hard\libstdc++_nano.a(atexit_arm.o)
                0x08011f70                __aeabi_atexit
 *fill*         0x08011f7a        0x2 
 .text.calloc   0x08011f7c       0x10 C:/ST/STM32CubeCLT_1.16.0/GNU-tools-for-STM32/bin/../lib/gcc/arm-none-eabi/12.3.1/../../../../arm-none-eabi/lib/thumb/v7e-m+dp/hard\libc_nano.a(libc_a-calloc.o)
                0x08011f7c                calloc
 .text._calloc_r
                0x08011f8c       0x28 C:/ST/STM32CubeCLT_1.16.0/GNU-tools-for-STM32/bin/../lib/gcc/arm-none-eabi/12.3.1/../../../../arm-none-eabi/lib/thumb/v7e-m+dp/hard\libc_nano.a(libc_a-callocr.o)
                0x08011f8c                _calloc_r
 .text.malloc   0x08011fb4       0x10 C:/ST/STM32CubeCLT_1.16.0/GNU-tools-for-STM32/bin/../lib/gcc/arm-none-eabi/12.3.1/../../../../arm-none-eabi/lib/thumb/v7e-m+dp/hard\libc_nano.a(libc_a-malloc.o)
                0x08011fb4                malloc
 .text.free     0x08011fc4       0x10 C:/ST/STM32CubeCLT_1.16.0/GNU-tools-for-STM32/bin/../lib/gcc/arm-none-eabi/12.3.1/../../../../arm-none-eabi/lib/thumb/v7e-m+dp/hard\libc_nano.a(libc_a-malloc.o)
                0x08011fc4                free
 .text.sbrk_aligned
                0x08011fd4       0x44 C:/ST/STM32CubeCLT_1.16.0/GNU-tools-for-STM32/bin/../lib/gcc/arm-none-eabi/12.3.1/../../../../arm-none-eabi/lib/thumb/v7e-m+dp/hard\libc_nano.a(libc_a-mallocr.o)
 .text._malloc_r
                0x08012018      0x100 C:/ST/STM32CubeCLT_1.16.0/GNU-tools-for-STM32/bin/../lib/gcc/arm-none-eabi/12.3.1/../../../../arm-none-eabi/lib/thumb/v7e-m+dp/hard\libc_nano.a(libc_a-mallocr.o)
                0x08012018                _malloc_r
 .text.__malloc_lock
                0x08012118        0xc C:/ST/STM32CubeCLT_1.16.0/GNU-tools-for-STM32/bin/../lib/gcc/arm-none-eabi/12.3.1/../../../../arm-none-eabi/lib/thumb/v7e-m+dp/hard\libc_nano.a(libc_a-mlock.o)
                0x08012118                __malloc_lock
 .text.__malloc_unlock
                0x08012124        0xc C:/ST/STM32CubeCLT_1.16.0/GNU-tools-for-STM32/bin/../lib/gcc/arm-none-eabi/12.3.1/../../../../arm-none-eabi/lib/thumb/v7e-m+dp/hard\libc_nano.a(libc_a-mlock.o)
                0x08012124                __malloc_unlock
 .text.__cxa_atexit
                0x08012130       0x1c C:/ST/STM32CubeCLT_1.16.0/GNU-tools-for-STM32/bin/../lib/gcc/arm-none-eabi/12.3.1/../../../../arm-none-eabi/lib/thumb/v7e-m+dp/hard\libc_nano.a(libc_a-cxa_atexit.o)
                0x08012130                __cxa_atexit
 .text.__cvt    0x0801214c       0xa8 C:/ST/STM32CubeCLT_1.16.0/GNU-tools-for-STM32/bin/../lib/gcc/arm-none-eabi/12.3.1/../../../../arm-none-eabi/lib/thumb/v7e-m+dp/hard\libc_nano.a(libc_a-nano-vfprintf_float.o)
                0x0801214c                __cvt
 .text.__exponent
                0x080121f4       0x74 C:/ST/STM32CubeCLT_1.16.0/GNU-tools-for-STM32/bin/../lib/gcc/arm-none-eabi/12.3.1/../../../../arm-none-eabi/lib/thumb/v7e-m+dp/hard\libc_nano.a(libc_a-nano-vfprintf_float.o)
                0x080121f4                __exponent
 .text._printf_float
                0x08012268      0x434 C:/ST/STM32CubeCLT_1.16.0/GNU-tools-for-STM32/bin/../lib/gcc/arm-none-eabi/12.3.1/../../../../arm-none-eabi/lib/thumb/v7e-m+dp/hard\libc_nano.a(libc_a-nano-vfprintf_float.o)
                0x08012268                _printf_float
 .text._printf_common
                0x0801269c       0xda C:/ST/STM32CubeCLT_1.16.0/GNU-tools-for-STM32/bin/../lib/gcc/arm-none-eabi/12.3.1/../../../../arm-none-eabi/lib/thumb/v7e-m+dp/hard\libc_nano.a(libc_a-nano-vfprintf_i.o)
                0x0801269c                _printf_common
 *fill*         0x08012776        0x2 
 .text._printf_i
                0x08012778      0x240 C:/ST/STM32CubeCLT_1.16.0/GNU-tools-for-STM32/bin/../lib/gcc/arm-none-eabi/12.3.1/../../../../arm-none-eabi/lib/thumb/v7e-m+dp/hard\libc_nano.a(libc_a-nano-vfprintf_i.o)
                0x08012778                _printf_i
 .text.std      0x080129b8       0x6c C:/ST/STM32CubeCLT_1.16.0/GNU-tools-for-STM32/bin/../lib/gcc/arm-none-eabi/12.3.1/../../../../arm-none-eabi/lib/thumb/v7e-m+dp/hard\libc_nano.a(libc_a-findfp.o)
 .text.stdio_exit_handler
                0x08012a24       0x18 C:/ST/STM32CubeCLT_1.16.0/GNU-tools-for-STM32/bin/../lib/gcc/arm-none-eabi/12.3.1/../../../../arm-none-eabi/lib/thumb/v7e-m+dp/hard\libc_nano.a(libc_a-findfp.o)
 .text.cleanup_stdio
                0x08012a3c       0x40 C:/ST/STM32CubeCLT_1.16.0/GNU-tools-for-STM32/bin/../lib/gcc/arm-none-eabi/12.3.1/../../../../arm-none-eabi/lib/thumb/v7e-m+dp/hard\libc_nano.a(libc_a-findfp.o)
 .text.global_stdio_init.part.0
                0x08012a7c       0x3c C:/ST/STM32CubeCLT_1.16.0/GNU-tools-for-STM32/bin/../lib/gcc/arm-none-eabi/12.3.1/../../../../arm-none-eabi/lib/thumb/v7e-m+dp/hard\libc_nano.a(libc_a-findfp.o)
 .text.__sfp_lock_acquire
                0x08012ab8        0xc C:/ST/STM32CubeCLT_1.16.0/GNU-tools-for-STM32/bin/../lib/gcc/arm-none-eabi/12.3.1/../../../../arm-none-eabi/lib/thumb/v7e-m+dp/hard\libc_nano.a(libc_a-findfp.o)
                0x08012ab8                __sfp_lock_acquire
 .text.__sfp_lock_release
                0x08012ac4        0xc C:/ST/STM32CubeCLT_1.16.0/GNU-tools-for-STM32/bin/../lib/gcc/arm-none-eabi/12.3.1/../../../../arm-none-eabi/lib/thumb/v7e-m+dp/hard\libc_nano.a(libc_a-findfp.o)
                0x08012ac4                __sfp_lock_release
 .text.__sinit  0x08012ad0       0x30 C:/ST/STM32CubeCLT_1.16.0/GNU-tools-for-STM32/bin/../lib/gcc/arm-none-eabi/12.3.1/../../../../arm-none-eabi/lib/thumb/v7e-m+dp/hard\libc_nano.a(libc_a-findfp.o)
                0x08012ad0                __sinit
 .text._fwalk_sglue
                0x08012b00       0x3c C:/ST/STM32CubeCLT_1.16.0/GNU-tools-for-STM32/bin/../lib/gcc/arm-none-eabi/12.3.1/../../../../arm-none-eabi/lib/thumb/v7e-m+dp/hard\libc_nano.a(libc_a-fwalk.o)
                0x08012b00                _fwalk_sglue
 .text.printf   0x08012b3c       0x24 C:/ST/STM32CubeCLT_1.16.0/GNU-tools-for-STM32/bin/../lib/gcc/arm-none-eabi/12.3.1/../../../../arm-none-eabi/lib/thumb/v7e-m+dp/hard\libc_nano.a(libc_a-printf.o)
                0x08012b3c                iprintf
                0x08012b3c                printf
 .text.putchar  0x08012b60       0x10 C:/ST/STM32CubeCLT_1.16.0/GNU-tools-for-STM32/bin/../lib/gcc/arm-none-eabi/12.3.1/../../../../arm-none-eabi/lib/thumb/v7e-m+dp/hard\libc_nano.a(libc_a-putchar.o)
                0x08012b60                putchar
 .text.__sread  0x08012b70       0x22 C:/ST/STM32CubeCLT_1.16.0/GNU-tools-for-STM32/bin/../lib/gcc/arm-none-eabi/12.3.1/../../../../arm-none-eabi/lib/thumb/v7e-m+dp/hard\libc_nano.a(libc_a-stdio.o)
                0x08012b70                __sread
 .text.__swrite
                0x08012b92       0x38 C:/ST/STM32CubeCLT_1.16.0/GNU-tools-for-STM32/bin/../lib/gcc/arm-none-eabi/12.3.1/../../../../arm-none-eabi/lib/thumb/v7e-m+dp/hard\libc_nano.a(libc_a-stdio.o)
                0x08012b92                __swrite
 .text.__sseek  0x08012bca       0x24 C:/ST/STM32CubeCLT_1.16.0/GNU-tools-for-STM32/bin/../lib/gcc/arm-none-eabi/12.3.1/../../../../arm-none-eabi/lib/thumb/v7e-m+dp/hard\libc_nano.a(libc_a-stdio.o)
                0x08012bca                __sseek
 .text.__sclose
                0x08012bee        0x8 C:/ST/STM32CubeCLT_1.16.0/GNU-tools-for-STM32/bin/../lib/gcc/arm-none-eabi/12.3.1/../../../../arm-none-eabi/lib/thumb/v7e-m+dp/hard\libc_nano.a(libc_a-stdio.o)
                0x08012bee                __sclose
 .text._vsnprintf_r
                0x08012bf6       0x56 C:/ST/STM32CubeCLT_1.16.0/GNU-tools-for-STM32/bin/../lib/gcc/arm-none-eabi/12.3.1/../../../../arm-none-eabi/lib/thumb/v7e-m+dp/hard\libc_nano.a(libc_a-vsnprintf.o)
                0x08012bf6                _vsniprintf_r
                0x08012bf6                _vsnprintf_r
 .text.vsnprintf
                0x08012c4c       0x1c C:/ST/STM32CubeCLT_1.16.0/GNU-tools-for-STM32/bin/../lib/gcc/arm-none-eabi/12.3.1/../../../../arm-none-eabi/lib/thumb/v7e-m+dp/hard\libc_nano.a(libc_a-vsnprintf.o)
                0x08012c4c                vsniprintf